Archive member included to satisfy reference by file (symbol)

c:/workspace/tools/eclipse-embedcpp/xpack-arm-none-eabi-gcc-10.2.1-1.1/bin/../lib/gcc/arm-none-eabi/10.2.1/thumb/v7e-m+dp/hard\libgcc.a(_aeabi_uldivmod.o)
                              ./uC-OS2/uC-CPU/BSP/Template/bsp_cpu.o (__aeabi_uldivmod)
c:/workspace/tools/eclipse-embedcpp/xpack-arm-none-eabi-gcc-10.2.1-1.1/bin/../lib/gcc/arm-none-eabi/10.2.1/thumb/v7e-m+dp/hard\libgcc.a(_udivmoddi4.o)
                              c:/workspace/tools/eclipse-embedcpp/xpack-arm-none-eabi-gcc-10.2.1-1.1/bin/../lib/gcc/arm-none-eabi/10.2.1/thumb/v7e-m+dp/hard\libgcc.a(_aeabi_uldivmod.o) (__udivmoddi4)
c:/workspace/tools/eclipse-embedcpp/xpack-arm-none-eabi-gcc-10.2.1-1.1/bin/../lib/gcc/arm-none-eabi/10.2.1/thumb/v7e-m+dp/hard\libgcc.a(unwind-arm.o)
                              ./main.o (__aeabi_unwind_cpp_pr1)
c:/workspace/tools/eclipse-embedcpp/xpack-arm-none-eabi-gcc-10.2.1-1.1/bin/../lib/gcc/arm-none-eabi/10.2.1/thumb/v7e-m+dp/hard\libgcc.a(libunwind.o)
                              c:/workspace/tools/eclipse-embedcpp/xpack-arm-none-eabi-gcc-10.2.1-1.1/bin/../lib/gcc/arm-none-eabi/10.2.1/thumb/v7e-m+dp/hard\libgcc.a(unwind-arm.o) (restore_core_regs)
c:/workspace/tools/eclipse-embedcpp/xpack-arm-none-eabi-gcc-10.2.1-1.1/bin/../lib/gcc/arm-none-eabi/10.2.1/thumb/v7e-m+dp/hard\libgcc.a(pr-support.o)
                              c:/workspace/tools/eclipse-embedcpp/xpack-arm-none-eabi-gcc-10.2.1-1.1/bin/../lib/gcc/arm-none-eabi/10.2.1/thumb/v7e-m+dp/hard\libgcc.a(unwind-arm.o) (__gnu_unwind_execute)
c:/workspace/tools/eclipse-embedcpp/xpack-arm-none-eabi-gcc-10.2.1-1.1/bin/../lib/gcc/arm-none-eabi/10.2.1/thumb/v7e-m+dp/hard\libgcc.a(_dvmd_tls.o)
                              c:/workspace/tools/eclipse-embedcpp/xpack-arm-none-eabi-gcc-10.2.1-1.1/bin/../lib/gcc/arm-none-eabi/10.2.1/thumb/v7e-m+dp/hard\libgcc.a(_aeabi_uldivmod.o) (__aeabi_ldiv0)
c:/workspace/tools/eclipse-embedcpp/xpack-arm-none-eabi-gcc-10.2.1-1.1/bin/../lib/gcc/arm-none-eabi/10.2.1/../../../../arm-none-eabi/lib/thumb/v7e-m+dp/hard\libg.a(lib_a-abort.o)
                              c:/workspace/tools/eclipse-embedcpp/xpack-arm-none-eabi-gcc-10.2.1-1.1/bin/../lib/gcc/arm-none-eabi/10.2.1/thumb/v7e-m+dp/hard\libgcc.a(unwind-arm.o) (abort)
c:/workspace/tools/eclipse-embedcpp/xpack-arm-none-eabi-gcc-10.2.1-1.1/bin/../lib/gcc/arm-none-eabi/10.2.1/../../../../arm-none-eabi/lib/thumb/v7e-m+dp/hard\libg.a(lib_a-exit.o)
                              c:/workspace/tools/eclipse-embedcpp/xpack-arm-none-eabi-gcc-10.2.1-1.1/bin/../lib/gcc/arm-none-eabi/10.2.1/../../../../arm-none-eabi/lib/thumb/v7e-m+dp/hard/crt0.o (exit)
c:/workspace/tools/eclipse-embedcpp/xpack-arm-none-eabi-gcc-10.2.1-1.1/bin/../lib/gcc/arm-none-eabi/10.2.1/../../../../arm-none-eabi/lib/thumb/v7e-m+dp/hard\libg.a(lib_a-impure.o)
                              c:/workspace/tools/eclipse-embedcpp/xpack-arm-none-eabi-gcc-10.2.1-1.1/bin/../lib/gcc/arm-none-eabi/10.2.1/../../../../arm-none-eabi/lib/thumb/v7e-m+dp/hard\libg.a(lib_a-exit.o) (_global_impure_ptr)
c:/workspace/tools/eclipse-embedcpp/xpack-arm-none-eabi-gcc-10.2.1-1.1/bin/../lib/gcc/arm-none-eabi/10.2.1/../../../../arm-none-eabi/lib/thumb/v7e-m+dp/hard\libg.a(lib_a-init.o)
                              c:/workspace/tools/eclipse-embedcpp/xpack-arm-none-eabi-gcc-10.2.1-1.1/bin/../lib/gcc/arm-none-eabi/10.2.1/../../../../arm-none-eabi/lib/thumb/v7e-m+dp/hard/crt0.o (__libc_init_array)
c:/workspace/tools/eclipse-embedcpp/xpack-arm-none-eabi-gcc-10.2.1-1.1/bin/../lib/gcc/arm-none-eabi/10.2.1/../../../../arm-none-eabi/lib/thumb/v7e-m+dp/hard\libg.a(lib_a-memcpy.o)
                              ./hpl/usbhs/hpl_usbhs.o (memcpy)
c:/workspace/tools/eclipse-embedcpp/xpack-arm-none-eabi-gcc-10.2.1-1.1/bin/../lib/gcc/arm-none-eabi/10.2.1/../../../../arm-none-eabi/lib/thumb/v7e-m+dp/hard\libg.a(lib_a-memset.o)
                              c:/workspace/tools/eclipse-embedcpp/xpack-arm-none-eabi-gcc-10.2.1-1.1/bin/../lib/gcc/arm-none-eabi/10.2.1/../../../../arm-none-eabi/lib/thumb/v7e-m+dp/hard/crt0.o (memset)
c:/workspace/tools/eclipse-embedcpp/xpack-arm-none-eabi-gcc-10.2.1-1.1/bin/../lib/gcc/arm-none-eabi/10.2.1/../../../../arm-none-eabi/lib/thumb/v7e-m+dp/hard\libg.a(lib_a-printf.o)
                              ./hal/utils/src/utils_syscalls.o (printf)
c:/workspace/tools/eclipse-embedcpp/xpack-arm-none-eabi-gcc-10.2.1-1.1/bin/../lib/gcc/arm-none-eabi/10.2.1/../../../../arm-none-eabi/lib/thumb/v7e-m+dp/hard\libg.a(lib_a-puts.o)
                              ./common/stdio_start.o (puts)
c:/workspace/tools/eclipse-embedcpp/xpack-arm-none-eabi-gcc-10.2.1-1.1/bin/../lib/gcc/arm-none-eabi/10.2.1/../../../../arm-none-eabi/lib/thumb/v7e-m+dp/hard\libg.a(lib_a-setbuf.o)
                              ./stdio_redirect/stdio_io.o (setbuf)
[...]
Memory Configuration

Name             Origin             Length             Attributes
rom              0x0000000000400000 0x0000000000200000 xr
ram              0x0000000020400000 0x0000000000060000 xrw
*default*        0x0000000000000000 0xffffffffffffffff

Linker script and memory map

LOAD c:/workspace/tools/eclipse-embedcpp/xpack-arm-none-eabi-gcc-10.2.1-1.1/bin/../lib/gcc/arm-none-eabi/10.2.1/thumb/v7e-m+dp/hard/crti.o
LOAD c:/workspace/tools/eclipse-embedcpp/xpack-arm-none-eabi-gcc-10.2.1-1.1/bin/../lib/gcc/arm-none-eabi/10.2.1/thumb/v7e-m+dp/hard/crtbegin.o
LOAD c:/workspace/tools/eclipse-embedcpp/xpack-arm-none-eabi-gcc-10.2.1-1.1/bin/../lib/gcc/arm-none-eabi/10.2.1/../../../../arm-none-eabi/lib/thumb/v7e-m+dp/hard/crt0.o
LOAD C:\workspace\application\samv71\Afan SAME70 RTOS\Afan SAME70 BSP\CMSIS\Core\Lib\GCC/libarm_cortexM7lfdp_math.a
LOAD ./usb/device/usbdc.o
LOAD ./usb/class/msc/device/mscdf.o
LOAD ./usb/class/hid/device/hiddf_generic.o
LOAD ./usb/class/hid/device/hiddf_keyboard.o
LOAD ./usb/class/hid/device/hiddf_mouse.o
LOAD ./usb/class/cdc/device/cdcdf_acm.o
LOAD ./usb/usb_protocol.o
LOAD ./uC-OS2/uCOS-II/TLS/CCES/os_tls.o
LOAD ./uC-OS2/uCOS-II/Source/os_core.o
LOAD ./uC-OS2/uCOS-II/Source/os_flag.o
LOAD ./uC-OS2/uCOS-II/Source/os_mbox.o
LOAD ./uC-OS2/uCOS-II/Source/os_mem.o
LOAD ./uC-OS2/uCOS-II/Source/os_mutex.o
LOAD ./uC-OS2/uCOS-II/Source/os_q.o
LOAD ./uC-OS2/uCOS-II/Source/os_sem.o
LOAD ./uC-OS2/uCOS-II/Source/os_task.o
LOAD ./uC-OS2/uCOS-II/Source/os_time.o
LOAD ./uC-OS2/uCOS-II/Source/os_tmr.o
LOAD ./uC-OS2/uCOS-II/Ports/ARM-Cortex-M/ARMv7-M/GNU/os_cpu_a.o
LOAD ./uC-OS2/uCOS-II/Ports/ARM-Cortex-M/ARMv7-M/GNU/os_dbg.o
LOAD ./uC-OS2/uCOS-II/Ports/ARM-Cortex-M/ARMv7-M/os_cpu_c.o
LOAD ./uC-OS2/uCOS-II/Cfg/Template/app_hooks.o
LOAD ./uC-OS2/uC-LIB/Ports/ARM-Cortex-M7/GNU/lib_mem_a.o
LOAD ./uC-OS2/uC-LIB/lib_ascii.o
LOAD ./uC-OS2/uC-LIB/lib_math.o
LOAD ./uC-OS2/uC-LIB/lib_mem.o
LOAD ./uC-OS2/uC-LIB/lib_str.o
LOAD ./uC-OS2/uC-CPU/BSP/Template/bsp_cpu.o
LOAD ./uC-OS2/uC-CPU/ARM-Cortex-M/ARMv7-M/GNU/cpu_a.o
LOAD ./uC-OS2/uC-CPU/ARM-Cortex-M/ARMv7-M/cpu_c.o
LOAD ./uC-OS2/uC-CPU/cpu_core.o
LOAD ./stdio_redirect/gcc/read.o
LOAD ./stdio_redirect/gcc/write.o
LOAD ./stdio_redirect/stdio_io.o
LOAD ./port/rtos.o
LOAD ./hpl/xdmac/hpl_xdmac.o
LOAD ./hpl/wdt/hpl_wdt.o
LOAD ./hpl/usbhs/hpl_usbhs.o
LOAD ./hpl/usart/hpl_usart.o
LOAD ./hpl/twihs/hpl_twihs.o
LOAD ./hpl/tc/hpl_tc.o
LOAD ./hpl/spi/hpl_spi.o
LOAD ./hpl/rtc/hpl_rtc.o
LOAD ./hpl/pwm/hpl_pwm.o
LOAD ./hpl/pmc/hpl_pmc.o
LOAD ./hpl/pmc/hpl_sleep.o
LOAD ./hpl/pio/hpl_pio_ext.o
LOAD ./hpl/mcan/hpl_mcan.o
LOAD ./hpl/gmac/hpl_gmac.o
LOAD ./hpl/efc/hpl_efc.o
LOAD ./hpl/core/hpl_core_m7_base.o
LOAD ./hpl/core/hpl_init.o
LOAD ./hpl/afec/hpl_afec.o
LOAD ./hal/utils/src/utils_assert.o
LOAD ./hal/utils/src/utils_event.o
LOAD ./hal/utils/src/utils_list.o
LOAD ./hal/utils/src/utils_ringbuffer.o
LOAD ./hal/utils/src/utils_syscalls.o
LOAD ./hal/src/hal_adc_sync.o
LOAD ./hal/src/hal_atomic.o
LOAD ./hal/src/hal_calendar.o
LOAD ./hal/src/hal_can_async.o
LOAD ./hal/src/hal_delay.o
LOAD ./hal/src/hal_ext_irq.o
LOAD ./hal/src/hal_flash.o
LOAD ./hal/src/hal_gpio.o
LOAD ./hal/src/hal_i2c_m_sync.o
LOAD ./hal/src/hal_init.o
LOAD ./hal/src/hal_io.o
LOAD ./hal/src/hal_mac_async.o
LOAD ./hal/src/hal_pwm.o
LOAD ./hal/src/hal_sleep.o
LOAD ./hal/src/hal_spi_m_sync.o
LOAD ./hal/src/hal_usart_sync.o
LOAD ./hal/src/hal_usb_device.o
LOAD ./hal/src/hal_wdt.o
LOAD ./ethernet_phy/ethernet_phy.o
LOAD ./common/atmel_start.o
LOAD ./common/driver_init.o
LOAD ./common/stdio_start.o
LOAD ./Device_Startup/startup_same70q21b.o
LOAD ./main.o
LOAD ./rtos_start.o
LOAD c:/workspace/tools/eclipse-embedcpp/xpack-arm-none-eabi-gcc-10.2.1-1.1/bin/../lib/gcc/arm-none-eabi/10.2.1/../../../../arm-none-eabi/lib/thumb/v7e-m+dp/hard\libstdc++.a
LOAD c:/workspace/tools/eclipse-embedcpp/xpack-arm-none-eabi-gcc-10.2.1-1.1/bin/../lib/gcc/arm-none-eabi/10.2.1/../../../../arm-none-eabi/lib/thumb/v7e-m+dp/hard\libm.a
START GROUP
LOAD c:/workspace/tools/eclipse-embedcpp/xpack-arm-none-eabi-gcc-10.2.1-1.1/bin/../lib/gcc/arm-none-eabi/10.2.1/thumb/v7e-m+dp/hard\libgcc.a
LOAD c:/workspace/tools/eclipse-embedcpp/xpack-arm-none-eabi-gcc-10.2.1-1.1/bin/../lib/gcc/arm-none-eabi/10.2.1/../../../../arm-none-eabi/lib/thumb/v7e-m+dp/hard\libg.a
LOAD c:/workspace/tools/eclipse-embedcpp/xpack-arm-none-eabi-gcc-10.2.1-1.1/bin/../lib/gcc/arm-none-eabi/10.2.1/../../../../arm-none-eabi/lib/thumb/v7e-m+dp/hard\libc.a
END GROUP
LOAD c:/workspace/tools/eclipse-embedcpp/xpack-arm-none-eabi-gcc-10.2.1-1.1/bin/../lib/gcc/arm-none-eabi/10.2.1/thumb/v7e-m+dp/hard/crtend.o
LOAD c:/workspace/tools/eclipse-embedcpp/xpack-arm-none-eabi-gcc-10.2.1-1.1/bin/../lib/gcc/arm-none-eabi/10.2.1/thumb/v7e-m+dp/hard/crtn.o
                0x0000000000001000                STACK_SIZE = DEFINED (STACK_SIZE)?STACK_SIZE:DEFINED (__stack_size__)?__stack_size__:0x1000
                0x0000000000000800                HEAP_SIZE = DEFINED (HEAP_SIZE)?HEAP_SIZE:DEFINED (__heap_size__)?__heap_size__:0x800

.text           0x0000000000400000     0xb080
                0x0000000000400000                . = ALIGN (0x4)
                0x0000000000400000                _sfixed = .
 *(.vectors .vectors.*)
 .vectors       0x0000000000400000      0x168 ./Device_Startup/startup_same70q21b.o
                0x0000000000400000                exception_table
 *(.text .text.* .gnu.linkonce.t.*)
 .text.__do_global_dtors_aux
                0x0000000000400168       0x24 c:/workspace/tools/eclipse-embedcpp/xpack-arm-none-eabi-gcc-10.2.1-1.1/bin/../lib/gcc/arm-none-eabi/10.2.1/thumb/v7e-m+dp/hard/crtbegin.o
 .text.frame_dummy
                0x000000000040018c       0x1c c:/workspace/tools/eclipse-embedcpp/xpack-arm-none-eabi-gcc-10.2.1-1.1/bin/../lib/gcc/arm-none-eabi/10.2.1/thumb/v7e-m+dp/hard/crtbegin.o
 .text.OS_SchedNew
                0x00000000004001a8       0x28 ./uC-OS2/uCOS-II/Source/os_core.o
 .text.OS_TaskIdle
                0x00000000004001d0       0x20 ./uC-OS2/uCOS-II/Source/os_core.o
                0x00000000004001d0                OS_TaskIdle
 .text.OSEventNameSet
                0x00000000004001f0       0x48 ./uC-OS2/uCOS-II/Source/os_core.o
                0x00000000004001f0                OSEventNameSet
 .text.OSIntEnter
                0x0000000000400238       0x24 ./uC-OS2/uCOS-II/Source/os_core.o
                0x0000000000400238                OSIntEnter
 .text.OSIntExit
                0x000000000040025c       0x84 ./uC-OS2/uCOS-II/Source/os_core.o
                0x000000000040025c                OSIntExit
 .text.OSSchedLock
                0x00000000004002e0       0x38 ./uC-OS2/uCOS-II/Source/os_core.o
                0x00000000004002e0                OSSchedLock
 .text.OSStart  0x0000000000400318       0x44 ./uC-OS2/uCOS-II/Source/os_core.o
                0x0000000000400318                OSStart
 .text.OSStatInit
                0x000000000040035c       0x44 ./uC-OS2/uCOS-II/Source/os_core.o
                0x000000000040035c                OSStatInit
 .text.OSTimeTick
                0x00000000004003a0       0xd0 ./uC-OS2/uCOS-II/Source/os_core.o
                0x00000000004003a0                OSTimeTick
 .text.OS_Dummy
                0x0000000000400470        0x2 ./uC-OS2/uCOS-II/Source/os_core.o
                0x0000000000400470                OS_Dummy
 *fill*         0x0000000000400472        0x2 
 .text.OS_EventTaskWait
                0x0000000000400474       0x54 ./uC-OS2/uCOS-II/Source/os_core.o
                0x0000000000400474                OS_EventTaskWait
 .text.OS_EventTaskRemove
                0x00000000004004c8       0x26 ./uC-OS2/uCOS-II/Source/os_core.o
                0x00000000004004c8                OS_EventTaskRemove
 .text.OS_EventTaskRemoveMulti
                0x00000000004004ee       0x3a ./uC-OS2/uCOS-II/Source/os_core.o
                0x00000000004004ee                OS_EventTaskRemoveMulti
 .text.OS_EventTaskRdy
                0x0000000000400528       0x84 ./uC-OS2/uCOS-II/Source/os_core.o
                0x0000000000400528                OS_EventTaskRdy
 .text.OS_EventWaitListInit
                0x00000000004005ac       0x16 ./uC-OS2/uCOS-II/Source/os_core.o
                0x00000000004005ac                OS_EventWaitListInit
 .text.OS_MemClr
                0x00000000004005c2       0x12 ./uC-OS2/uCOS-II/Source/os_core.o
                0x00000000004005c2                OS_MemClr
 .text.OSInit   0x00000000004005d4      0x1cc ./uC-OS2/uCOS-II/Source/os_core.o
                0x00000000004005d4                OSInit
 .text.OS_Sched
                0x00000000004007a0       0x68 ./uC-OS2/uCOS-II/Source/os_core.o
                0x00000000004007a0                OS_Sched
 .text.OSSchedUnlock
                0x0000000000400808       0x50 ./uC-OS2/uCOS-II/Source/os_core.o
                0x0000000000400808                OSSchedUnlock
 .text.OS_TaskStatStkChk
                0x0000000000400858       0x3c ./uC-OS2/uCOS-II/Source/os_core.o
                0x0000000000400858                OS_TaskStatStkChk
 .text.OS_TaskStat
                0x0000000000400894       0xd0 ./uC-OS2/uCOS-II/Source/os_core.o
                0x0000000000400894                OS_TaskStat
 .text.OS_TCBInit
                0x0000000000400964      0x108 ./uC-OS2/uCOS-II/Source/os_core.o
                0x0000000000400964                OS_TCBInit
 .text.OS_FlagInit
                0x0000000000400a6c       0x4c ./uC-OS2/uCOS-II/Source/os_flag.o
                0x0000000000400a6c                OS_FlagInit
 .text.OS_FlagUnlink
                0x0000000000400ab8       0x22 ./uC-OS2/uCOS-II/Source/os_flag.o
                0x0000000000400ab8                OS_FlagUnlink
 *fill*         0x0000000000400ada        0x2 
 .text.OS_MemInit
                0x0000000000400adc       0x48 ./uC-OS2/uCOS-II/Source/os_mem.o
                0x0000000000400adc                OS_MemInit
 .text.OS_QInit
                0x0000000000400b24       0x30 ./uC-OS2/uCOS-II/Source/os_q.o
                0x0000000000400b24                OS_QInit
 .text.OSSemCreate
                0x0000000000400b54       0x4c ./uC-OS2/uCOS-II/Source/os_sem.o
                0x0000000000400b54                OSSemCreate
 .text.OSSemPend
                0x0000000000400ba0       0xd4 ./uC-OS2/uCOS-II/Source/os_sem.o
                0x0000000000400ba0                OSSemPend
 .text.OSSemPost
                0x0000000000400c74       0x58 ./uC-OS2/uCOS-II/Source/os_sem.o
                0x0000000000400c74                OSSemPost
 .text.OSTaskCreate
                0x0000000000400ccc       0x98 ./uC-OS2/uCOS-II/Source/os_task.o
                0x0000000000400ccc                OSTaskCreate
 .text.OSTaskDel
                0x0000000000400d64      0x160 ./uC-OS2/uCOS-II/Source/os_task.o
                0x0000000000400d64                OSTaskDel
 .text.OSTaskNameSet
                0x0000000000400ec4       0x78 ./uC-OS2/uCOS-II/Source/os_task.o
                0x0000000000400ec4                OSTaskNameSet
 .text.OSTaskStkChk
                0x0000000000400f3c       0x94 ./uC-OS2/uCOS-II/Source/os_task.o
                0x0000000000400f3c                OSTaskStkChk
 .text.OSTaskSuspend
                0x0000000000400fd0       0xb0 ./uC-OS2/uCOS-II/Source/os_task.o
                0x0000000000400fd0                OSTaskSuspend
 .text.OS_TaskReturn
                0x0000000000401080       0x18 ./uC-OS2/uCOS-II/Source/os_task.o
                0x0000000000401080                OS_TaskReturn
 .text.OS_TaskStkClr
                0x0000000000401098       0x1a ./uC-OS2/uCOS-II/Source/os_task.o
                0x0000000000401098                OS_TaskStkClr
 *fill*         0x00000000004010b2        0x2 
 .text.OSTaskCreateExt
                0x00000000004010b4       0xb4 ./uC-OS2/uCOS-II/Source/os_task.o
                0x00000000004010b4                OSTaskCreateExt
 .text.OSTimeDly
                0x0000000000401168       0x60 ./uC-OS2/uCOS-II/Source/os_time.o
                0x0000000000401168                OSTimeDly
 .text.OSTmr_Link
                0x00000000004011c8       0x84 ./uC-OS2/uCOS-II/Source/os_tmr.o
 .text.OSTmr_Unlink
                0x000000000040124c       0x60 ./uC-OS2/uCOS-II/Source/os_tmr.o
 .text.OSTmr_Task
                0x00000000004012ac       0x9c ./uC-OS2/uCOS-II/Source/os_tmr.o
 .text.OSTmrSignal
                0x0000000000401348       0x10 ./uC-OS2/uCOS-II/Source/os_tmr.o
                0x0000000000401348                OSTmrSignal
 .text.OSTmr_Init
                0x0000000000401358       0xfc ./uC-OS2/uCOS-II/Source/os_tmr.o
                0x0000000000401358                OSTmr_Init
 .text          0x0000000000401454      0x15c ./uC-OS2/uCOS-II/Ports/ARM-Cortex-M/ARMv7-M/GNU/os_cpu_a.o
                0x0000000000401454                OS_CPU_FP_Reg_Push
                0x0000000000401466                OS_CPU_FP_Reg_Pop
                0x0000000000401472                OS_CPU_SR_Save
                0x000000000040148e                OS_CPU_SR_Restore
                0x00000000004014a0                OSStartHighRdy
                0x0000000000401520                OSCtxSw
                0x000000000040152a                OSIntCtxSw
                0x0000000000401534                OS_CPU_PendSVHandler
 .text.OSDebugInit
                0x00000000004015b0        0x2 ./uC-OS2/uCOS-II/Ports/ARM-Cortex-M/ARMv7-M/GNU/os_dbg.o
                0x00000000004015b0                OSDebugInit
 *fill*         0x00000000004015b2        0x2 
 .text.OSInitHookBegin
                0x00000000004015b4       0x50 ./uC-OS2/uCOS-II/Ports/ARM-Cortex-M/ARMv7-M/os_cpu_c.o
                0x00000000004015b4                OSInitHookBegin
 .text.OSInitHookEnd
                0x0000000000401604        0x2 ./uC-OS2/uCOS-II/Ports/ARM-Cortex-M/ARMv7-M/os_cpu_c.o
                0x0000000000401604                OSInitHookEnd
 .text.OSTaskCreateHook
                0x0000000000401606        0x8 ./uC-OS2/uCOS-II/Ports/ARM-Cortex-M/ARMv7-M/os_cpu_c.o
                0x0000000000401606                OSTaskCreateHook
 .text.OSTaskDelHook
                0x000000000040160e        0x8 ./uC-OS2/uCOS-II/Ports/ARM-Cortex-M/ARMv7-M/os_cpu_c.o
                0x000000000040160e                OSTaskDelHook
 .text.OSTaskIdleHook
                0x0000000000401616        0x8 ./uC-OS2/uCOS-II/Ports/ARM-Cortex-M/ARMv7-M/os_cpu_c.o
                0x0000000000401616                OSTaskIdleHook
 .text.OSTaskReturnHook
                0x000000000040161e        0x8 ./uC-OS2/uCOS-II/Ports/ARM-Cortex-M/ARMv7-M/os_cpu_c.o
                0x000000000040161e                OSTaskReturnHook
 .text.OSTaskStatHook
                0x0000000000401626        0x8 ./uC-OS2/uCOS-II/Ports/ARM-Cortex-M/ARMv7-M/os_cpu_c.o
                0x0000000000401626                OSTaskStatHook
 *fill*         0x000000000040162e        0x2 
 .text.OSTaskStkInit
                0x0000000000401630      0x198 ./uC-OS2/uCOS-II/Ports/ARM-Cortex-M/ARMv7-M/os_cpu_c.o
                0x0000000000401630                OSTaskStkInit
 .text.OSTaskSwHook
                0x00000000004017c8       0x24 ./uC-OS2/uCOS-II/Ports/ARM-Cortex-M/ARMv7-M/os_cpu_c.o
                0x00000000004017c8                OSTaskSwHook
 .text.OSTCBInitHook
                0x00000000004017ec        0x8 ./uC-OS2/uCOS-II/Ports/ARM-Cortex-M/ARMv7-M/os_cpu_c.o
                0x00000000004017ec                OSTCBInitHook
 .text.OSTimeTickHook
                0x00000000004017f4       0x28 ./uC-OS2/uCOS-II/Ports/ARM-Cortex-M/ARMv7-M/os_cpu_c.o
                0x00000000004017f4                OSTimeTickHook
 .text.OS_CPU_SysTickHandler
                0x000000000040181c       0x1e ./uC-OS2/uCOS-II/Ports/ARM-Cortex-M/ARMv7-M/os_cpu_c.o
                0x000000000040181c                OS_CPU_SysTickHandler
 .text.OS_CPU_SysTickInit
                0x000000000040183a       0x2a ./uC-OS2/uCOS-II/Ports/ARM-Cortex-M/ARMv7-M/os_cpu_c.o
                0x000000000040183a                OS_CPU_SysTickInit
 .text.OS_CPU_SysTickInitFreq
                0x0000000000401864       0x14 ./uC-OS2/uCOS-II/Ports/ARM-Cortex-M/ARMv7-M/os_cpu_c.o
                0x0000000000401864                OS_CPU_SysTickInitFreq
 .text.App_TaskCreateHook
                0x0000000000401878        0x2 ./uC-OS2/uCOS-II/Cfg/Template/app_hooks.o
                0x0000000000401878                App_TaskCreateHook
 .text.App_TaskDelHook
                0x000000000040187a        0x2 ./uC-OS2/uCOS-II/Cfg/Template/app_hooks.o
                0x000000000040187a                App_TaskDelHook
 .text.App_TaskIdleHook
                0x000000000040187c        0x2 ./uC-OS2/uCOS-II/Cfg/Template/app_hooks.o
                0x000000000040187c                App_TaskIdleHook
 .text.App_TaskStatHook
                0x000000000040187e        0x2 ./uC-OS2/uCOS-II/Cfg/Template/app_hooks.o
                0x000000000040187e                App_TaskStatHook
 .text.App_TaskReturnHook
                0x0000000000401880        0x2 ./uC-OS2/uCOS-II/Cfg/Template/app_hooks.o
                0x0000000000401880                App_TaskReturnHook
 .text.App_TaskSwHook
                0x0000000000401882        0x2 ./uC-OS2/uCOS-II/Cfg/Template/app_hooks.o
                0x0000000000401882                App_TaskSwHook
 .text.App_TCBInitHook
                0x0000000000401884        0x2 ./uC-OS2/uCOS-II/Cfg/Template/app_hooks.o
                0x0000000000401884                App_TCBInitHook
 .text.App_TimeTickHook
                0x0000000000401886        0x2 ./uC-OS2/uCOS-II/Cfg/Template/app_hooks.o
                0x0000000000401886                App_TimeTickHook
 .text.Math_RandSetSeed
                0x0000000000401888       0x24 ./uC-OS2/uC-LIB/lib_math.o
                0x0000000000401888                Math_RandSetSeed
 .text.Math_Init
                0x00000000004018ac        0xa ./uC-OS2/uC-LIB/lib_math.o
                0x00000000004018ac                Math_Init
 *fill*         0x00000000004018b6        0x2 
 .text.Mem_SegCreate
                0x00000000004018b8       0x44 ./uC-OS2/uC-LIB/lib_mem.o
                0x00000000004018b8                Mem_SegCreate
 .text.Mem_Init
                0x00000000004018fc       0x4c ./uC-OS2/uC-LIB/lib_mem.o
                0x00000000004018fc                Mem_Init
 .text.CPU_TS_TmrInit
                0x0000000000401948       0x4c ./uC-OS2/uC-CPU/BSP/Template/bsp_cpu.o
                0x0000000000401948                CPU_TS_TmrInit
 .text.CPU_TS_TmrRd
                0x0000000000401994        0xc ./uC-OS2/uC-CPU/BSP/Template/bsp_cpu.o
                0x0000000000401994                CPU_TS_TmrRd
 .text          0x00000000004019a0       0x54 ./uC-OS2/uC-CPU/ARM-Cortex-M/ARMv7-M/GNU/cpu_a.o
                0x00000000004019a0                CPU_IntDis
                0x00000000004019a4                CPU_IntEn
                0x00000000004019a8                CPU_SR_Save
                0x00000000004019c4                CPU_SR_Restore
                0x00000000004019d6                CPU_WaitForInt
                0x00000000004019da                CPU_WaitForExcept
                0x00000000004019de                CPU_CntLeadZeros
                0x00000000004019e4                CPU_CntTrailZeros
                0x00000000004019ee                CPU_RevBits
 .text.CPU_SW_Exception
                0x00000000004019f4        0x2 ./uC-OS2/uC-CPU/cpu_core.o
                0x00000000004019f4                CPU_SW_Exception
 *fill*         0x00000000004019f6        0x2 
 .text.CPU_TS_TmrFreqSet
                0x00000000004019f8        0xc ./uC-OS2/uC-CPU/cpu_core.o
                0x00000000004019f8                CPU_TS_TmrFreqSet
 .text.CPU_IntDisMeasMaxCurGet
                0x0000000000401a04       0x28 ./uC-OS2/uC-CPU/cpu_core.o
                0x0000000000401a04                CPU_IntDisMeasMaxCurGet
 .text.CPU_IntDisMeasMaxCurReset
                0x0000000000401a2c       0x20 ./uC-OS2/uC-CPU/cpu_core.o
                0x0000000000401a2c                CPU_IntDisMeasMaxCurReset
 .text.CPU_IntDisMeasStart
                0x0000000000401a4c       0x30 ./uC-OS2/uC-CPU/cpu_core.o
                0x0000000000401a4c                CPU_IntDisMeasStart
 .text.CPU_IntDisMeasStop
                0x0000000000401a7c       0x4c ./uC-OS2/uC-CPU/cpu_core.o
                0x0000000000401a7c                CPU_IntDisMeasStop
 .text.CPU_Init
                0x0000000000401ac8       0x74 ./uC-OS2/uC-CPU/cpu_core.o
                0x0000000000401ac8                CPU_Init
 .text._read    0x0000000000401b3c       0x18 ./stdio_redirect/gcc/read.o
                0x0000000000401b3c                _read
 .text._write   0x0000000000401b54       0x1c ./stdio_redirect/gcc/write.o
                0x0000000000401b54                _write
 .text.stdio_io_init
                0x0000000000401b70       0x28 ./stdio_redirect/stdio_io.o
                0x0000000000401b70                stdio_io_init
 .text.stdio_io_read
                0x0000000000401b98       0x1c ./stdio_redirect/stdio_io.o
                0x0000000000401b98                stdio_io_read
 .text.stdio_io_write
                0x0000000000401bb4       0x1c ./stdio_redirect/stdio_io.o
                0x0000000000401bb4                stdio_io_write
 .text._dma_init
                0x0000000000401bd0       0x68 ./hpl/xdmac/hpl_xdmac.o
                0x0000000000401bd0                _dma_init
 .text.XDMAC_Handler
                0x0000000000401c38       0x80 ./hpl/xdmac/hpl_xdmac.o
                0x0000000000401c38                XDMAC_Handler
 .text._usb_d_dev_handle_setup
                0x0000000000401cb8       0x70 ./hpl/usbhs/hpl_usbhs.o
 .text._usb_d_dev_trans_done
                0x0000000000401d28       0x2c ./hpl/usbhs/hpl_usbhs.o
 .text._usb_d_dev_reset_epts
                0x0000000000401d54       0x4c ./hpl/usbhs/hpl_usbhs.o
 .text._usb_d_dev_dma_next
                0x0000000000401da0       0xe0 ./hpl/usbhs/hpl_usbhs.o
 .text._usb_d_dev_trans_stop
                0x0000000000401e80       0x3c ./hpl/usbhs/hpl_usbhs.o
 .text.USBHS_Handler
                0x0000000000401ebc      0x3f4 ./hpl/usbhs/hpl_usbhs.o
                0x0000000000401ebc                USBHS_Handler
 .text._get_usart_index
                0x00000000004022b0        0x4 ./hpl/usart/hpl_usart.o
 .text._usart_sync_init
                0x00000000004022b4       0x4c ./hpl/usart/hpl_usart.o
                0x00000000004022b4                _usart_sync_init
 .text._usart_sync_enable
                0x0000000000402300        0x8 ./hpl/usart/hpl_usart.o
                0x0000000000402300                _usart_sync_enable
 .text._usart_sync_write_byte
                0x0000000000402308        0x6 ./hpl/usart/hpl_usart.o
                0x0000000000402308                _usart_sync_write_byte
 .text._usart_sync_read_byte
                0x000000000040230e        0x8 ./hpl/usart/hpl_usart.o
                0x000000000040230e                _usart_sync_read_byte
 .text._usart_sync_is_ready_to_send
                0x0000000000402316        0xa ./hpl/usart/hpl_usart.o
                0x0000000000402316                _usart_sync_is_ready_to_send
 .text._usart_sync_is_transmit_done
                0x0000000000402320        0xa ./hpl/usart/hpl_usart.o
                0x0000000000402320                _usart_sync_is_transmit_done
 .text._usart_sync_is_byte_received
                0x000000000040232a        0xa ./hpl/usart/hpl_usart.o
                0x000000000040232a                _usart_sync_is_byte_received
 .text._usart_get_usart_sync
                0x0000000000402334        0x4 ./hpl/usart/hpl_usart.o
                0x0000000000402334                _usart_get_usart_sync
 .text._i2c_m_sync_init
                0x0000000000402338       0x30 ./hpl/twihs/hpl_twihs.o
                0x0000000000402338                _i2c_m_sync_init
 .text._i2c_m_sync_transfer
                0x0000000000402368      0x168 ./hpl/twihs/hpl_twihs.o
                0x0000000000402368                _i2c_m_sync_transfer
 .text.tc_pwm_interrupt_handler
                0x00000000004024d0       0x2c ./hpl/tc/hpl_tc.o
 .text.TC0_Handler
                0x00000000004024fc       0x10 ./hpl/tc/hpl_tc.o
                0x00000000004024fc                TC0_Handler
 .text.TC3_Handler
                0x000000000040250c       0x10 ./hpl/tc/hpl_tc.o
                0x000000000040250c                TC3_Handler
 .text.TC6_Handler
                0x000000000040251c       0x10 ./hpl/tc/hpl_tc.o
                0x000000000040251c                TC6_Handler
 .text.TC9_Handler
                0x000000000040252c       0x10 ./hpl/tc/hpl_tc.o
                0x000000000040252c                TC9_Handler
 .text._spi_m_sync_init
                0x000000000040253c       0x4c ./hpl/spi/hpl_spi.o
                0x000000000040253c                _spi_m_sync_init
 .text._spi_m_sync_trans
                0x0000000000402588       0x92 ./hpl/spi/hpl_spi.o
                0x0000000000402588                _spi_m_sync_trans
 .text._spi_get_spi_m_sync
                0x000000000040261a        0x4 ./hpl/spi/hpl_spi.o
                0x000000000040261a                _spi_get_spi_m_sync
 *fill*         0x000000000040261e        0x2 
 .text.RTC_Handler
                0x0000000000402620       0x44 ./hpl/rtc/hpl_rtc.o
                0x0000000000402620                RTC_Handler
 .text._pwm_interrupt_handler
                0x0000000000402664       0x10 ./hpl/pwm/hpl_pwm.o
 .text.PWM0_Handler
                0x0000000000402674       0x10 ./hpl/pwm/hpl_pwm.o
                0x0000000000402674                PWM0_Handler
 .text.PWM1_Handler
                0x0000000000402684       0x10 ./hpl/pwm/hpl_pwm.o
                0x0000000000402684                PWM1_Handler
 .text._pmc_init
                0x0000000000402694       0xf4 ./hpl/pmc/hpl_pmc.o
                0x0000000000402694                _pmc_init
 .text._ffs     0x0000000000402788       0x44 ./hpl/pio/hpl_pio_ext.o
 .text.PIOC_Handler
                0x00000000004027cc       0x7c ./hpl/pio/hpl_pio_ext.o
                0x00000000004027cc                PIOC_Handler
 .text._can_irq_handler
                0x0000000000402848       0x80 ./hpl/mcan/hpl_mcan.o
 .text._can_async_init
                0x00000000004028c8      0x1dc ./hpl/mcan/hpl_mcan.o
                0x00000000004028c8                _can_async_init
 .text.MCAN0_INT0_Handler
                0x0000000000402aa4       0x10 ./hpl/mcan/hpl_mcan.o
                0x0000000000402aa4                MCAN0_INT0_Handler
 .text.MCAN1_INT0_Handler
                0x0000000000402ab4       0x10 ./hpl/mcan/hpl_mcan.o
                0x0000000000402ab4                MCAN1_INT0_Handler
 .text._mac_async_init
                0x0000000000402ac4      0x110 ./hpl/gmac/hpl_gmac.o
                0x0000000000402ac4                _mac_async_init
 .text.GMAC_Handler
                0x0000000000402bd4       0x78 ./hpl/gmac/hpl_gmac.o
                0x0000000000402bd4                GMAC_Handler
 .text.EFC_Handler
                0x0000000000402c4c       0x1c ./hpl/efc/hpl_efc.o
                0x0000000000402c4c                EFC_Handler
 .text._init_chip
                0x0000000000402c68       0x64 ./hpl/core/hpl_init.o
                0x0000000000402c68                _init_chip
 .text._sbrk    0x0000000000402ccc       0x24 ./hal/utils/src/utils_syscalls.o
                0x0000000000402ccc                _sbrk
 .text._close   0x0000000000402cf0        0x6 ./hal/utils/src/utils_syscalls.o
                0x0000000000402cf0                _close
 .text._fstat   0x0000000000402cf6        0xa ./hal/utils/src/utils_syscalls.o
                0x0000000000402cf6                _fstat
 .text._isatty  0x0000000000402d00        0x4 ./hal/utils/src/utils_syscalls.o
                0x0000000000402d00                _isatty
 .text._lseek   0x0000000000402d04        0x4 ./hal/utils/src/utils_syscalls.o
                0x0000000000402d04                _lseek
 .text._exit    0x0000000000402d08       0x10 ./hal/utils/src/utils_syscalls.o
                0x0000000000402d08                _exit
 .text._kill    0x0000000000402d18        0x2 ./hal/utils/src/utils_syscalls.o
                0x0000000000402d18                _kill
 .text._getpid  0x0000000000402d1a        0x6 ./hal/utils/src/utils_syscalls.o
                0x0000000000402d1a                _getpid
 .text.atomic_enter_critical
                0x0000000000402d20        0xe ./hal/src/hal_atomic.o
                0x0000000000402d20                atomic_enter_critical
 .text.atomic_leave_critical
                0x0000000000402d2e        0xc ./hal/src/hal_atomic.o
                0x0000000000402d2e                atomic_leave_critical
 .text.can_tx_done
                0x0000000000402d3a        0xa ./hal/src/hal_can_async.o
 .text.can_rx_done
                0x0000000000402d44        0xa ./hal/src/hal_can_async.o
 .text.can_irq_handler
                0x0000000000402d4e        0xa ./hal/src/hal_can_async.o
 .text.can_async_init
                0x0000000000402d58       0x24 ./hal/src/hal_can_async.o
                0x0000000000402d58                can_async_init
 .text.i2c_m_sync_write
                0x0000000000402d7c       0x2a ./hal/src/hal_i2c_m_sync.o
 .text.i2c_m_sync_read
                0x0000000000402da6       0x2a ./hal/src/hal_i2c_m_sync.o
 .text.i2c_m_sync_init
                0x0000000000402dd0       0x1c ./hal/src/hal_i2c_m_sync.o
                0x0000000000402dd0                i2c_m_sync_init
 .text.io_write
                0x0000000000402dec        0x8 ./hal/src/hal_io.o
                0x0000000000402dec                io_write
 .text.io_read  0x0000000000402df4        0x8 ./hal/src/hal_io.o
                0x0000000000402df4                io_read
 .text.mac_async_init
                0x0000000000402dfc        0x8 ./hal/src/hal_mac_async.o
                0x0000000000402dfc                mac_async_init
 .text.spi_m_sync_set_func_ptr
                0x0000000000402e04        0x4 ./hal/src/hal_spi_m_sync.o
                0x0000000000402e04                spi_m_sync_set_func_ptr
 .text.spi_m_sync_init
                0x0000000000402e08       0x2c ./hal/src/hal_spi_m_sync.o
                0x0000000000402e08                spi_m_sync_init
 .text.spi_m_sync_transfer
                0x0000000000402e34       0x1e ./hal/src/hal_spi_m_sync.o
                0x0000000000402e34                spi_m_sync_transfer
 .text._spi_m_sync_io_write
                0x0000000000402e52       0x1a ./hal/src/hal_spi_m_sync.o
 .text._spi_m_sync_io_read
                0x0000000000402e6c       0x1a ./hal/src/hal_spi_m_sync.o
 .text.usart_sync_write
                0x0000000000402e86       0x48 ./hal/src/hal_usart_sync.o
 .text.usart_sync_read
                0x0000000000402ece       0x32 ./hal/src/hal_usart_sync.o
 .text.usart_sync_init
                0x0000000000402f00       0x20 ./hal/src/hal_usart_sync.o
                0x0000000000402f00                usart_sync_init
 .text.usart_sync_enable
                0x0000000000402f20        0xc ./hal/src/hal_usart_sync.o
                0x0000000000402f20                usart_sync_enable
 .text.atmel_start_init
                0x0000000000402f2c        0xc ./common/atmel_start.o
                0x0000000000402f2c                atmel_start_init
 .text.SPI_0_PORT_init
                0x0000000000402f38       0x4c ./common/driver_init.o
                0x0000000000402f38                SPI_0_PORT_init
 .text.SPI_0_CLOCK_init
                0x0000000000402f84       0x18 ./common/driver_init.o
                0x0000000000402f84                SPI_0_CLOCK_init
 .text.SPI_0_init
                0x0000000000402f9c       0x2c ./common/driver_init.o
                0x0000000000402f9c                SPI_0_init
 .text.I2C_AT24MAC_PORT_init
                0x0000000000402fc8       0x30 ./common/driver_init.o
                0x0000000000402fc8                I2C_AT24MAC_PORT_init
 .text.I2C_AT24MAC_CLOCK_init
                0x0000000000402ff8       0x18 ./common/driver_init.o
                0x0000000000402ff8                I2C_AT24MAC_CLOCK_init
 .text.I2C_AT24MAC_init
                0x0000000000403010       0x1c ./common/driver_init.o
                0x0000000000403010                I2C_AT24MAC_init
 .text.TARGET_IO_PORT_init
                0x000000000040302c       0x4c ./common/driver_init.o
                0x000000000040302c                TARGET_IO_PORT_init
 .text.TARGET_IO_CLOCK_init
                0x0000000000403078       0x18 ./common/driver_init.o
                0x0000000000403078                TARGET_IO_CLOCK_init
 .text.TARGET_IO_init
                0x0000000000403090       0x24 ./common/driver_init.o
                0x0000000000403090                TARGET_IO_init
 .text.MACIF_PORT_init
                0x00000000004030b4       0xd4 ./common/driver_init.o
                0x00000000004030b4                MACIF_PORT_init
 .text.MACIF_CLOCK_init
                0x0000000000403188       0x1c ./common/driver_init.o
                0x0000000000403188                MACIF_CLOCK_init
 .text.MACIF_init
                0x00000000004031a4       0x1c ./common/driver_init.o
                0x00000000004031a4                MACIF_init
 .text.CAN_Node0_CLOCK_init
                0x00000000004031c0       0x1c ./common/driver_init.o
                0x00000000004031c0                CAN_Node0_CLOCK_init
 .text.CAN_Node0_PORT_init
                0x00000000004031dc       0x30 ./common/driver_init.o
                0x00000000004031dc                CAN_Node0_PORT_init
 .text.CAN_Node0_init
                0x000000000040320c       0x1c ./common/driver_init.o
                0x000000000040320c                CAN_Node0_init
 .text.CAN_Node1_CLOCK_init
                0x0000000000403228       0x1c ./common/driver_init.o
                0x0000000000403228                CAN_Node1_CLOCK_init
 .text.CAN_Node1_PORT_init
                0x0000000000403244       0x34 ./common/driver_init.o
                0x0000000000403244                CAN_Node1_PORT_init
 .text.CAN_Node1_init
                0x0000000000403278       0x1c ./common/driver_init.o
                0x0000000000403278                CAN_Node1_init
 .text.system_init
                0x0000000000403294       0x68 ./common/driver_init.o
                0x0000000000403294                system_init
 .text.stdio_redirect_init
                0x00000000004032fc       0x18 ./common/stdio_start.o
                0x00000000004032fc                stdio_redirect_init
 .text.Dummy_Handler
                0x0000000000403314        0x2 ./Device_Startup/startup_same70q21b.o
                0x0000000000403314                DACC_Handler
                0x0000000000403314                SVCall_Handler
                0x0000000000403314                UART3_Handler
                0x0000000000403314                UART2_Handler
                0x0000000000403314                TRNG_Handler
                0x0000000000403314                HardFault_Handler
                0x0000000000403314                TC2_Handler
                0x0000000000403314                AFEC1_Handler
                0x0000000000403314                TC7_Handler
                0x0000000000403314                QSPI_Handler
                0x0000000000403314                NonMaskableInt_Handler
                0x0000000000403314                ISI_Handler
                0x0000000000403314                RSWDT_Handler
                0x0000000000403314                USART0_Handler
                0x0000000000403314                RTT_Handler
                0x0000000000403314                IXC_Handler
                0x0000000000403314                CCF_Handler
                0x0000000000403314                PIOB_Handler
                0x0000000000403314                UsageFault_Handler
                0x0000000000403314                WDT_Handler
                0x0000000000403314                MCAN1_INT1_Handler
                0x0000000000403314                TC4_Handler
                0x0000000000403314                TC1_Handler
                0x0000000000403314                HSMCI_Handler
                0x0000000000403314                UART1_Handler
                0x0000000000403314                Dummy_Handler
                0x0000000000403314                TWIHS1_Handler
                0x0000000000403314                UART4_Handler
                0x0000000000403314                USART1_Handler
                0x0000000000403314                PIOA_Handler
                0x0000000000403314                AFEC0_Handler
                0x0000000000403314                CCW_Handler
                0x0000000000403314                SSC_Handler
                0x0000000000403314                TC11_Handler
                0x0000000000403314                ACC_Handler
                0x0000000000403314                PMC_Handler
                0x0000000000403314                MCAN0_INT1_Handler
                0x0000000000403314                GMAC_Q5_Handler
                0x0000000000403314                SUPC_Handler
                0x0000000000403314                TC8_Handler
                0x0000000000403314                GMAC_Q1_Handler
                0x0000000000403314                USART2_Handler
                0x0000000000403314                SDRAMC_Handler
                0x0000000000403314                GMAC_Q2_Handler
                0x0000000000403314                PIOE_Handler
                0x0000000000403314                SPI1_Handler
                0x0000000000403314                TC10_Handler
                0x0000000000403314                GMAC_Q3_Handler
                0x0000000000403314                PIOD_Handler
                0x0000000000403314                TWIHS2_Handler
                0x0000000000403314                I2SC0_Handler
                0x0000000000403314                UART0_Handler
                0x0000000000403314                I2SC1_Handler
                0x0000000000403314                GMAC_Q4_Handler
                0x0000000000403314                FPU_Handler
                0x0000000000403314                BusFault_Handler
                0x0000000000403314                RSTC_Handler
                0x0000000000403314                MemoryManagement_Handler
                0x0000000000403314                DebugMonitor_Handler
                0x0000000000403314                TC5_Handler
                0x0000000000403314                ICM_Handler
                0x0000000000403314                AES_Handler
                0x0000000000403314                TWIHS0_Handler
                0x0000000000403314                SPI0_Handler
 *fill*         0x0000000000403316        0x2 
 .text.Reset_Handler
                0x0000000000403318       0x80 ./Device_Startup/startup_same70q21b.o
                0x0000000000403318                Reset_Handler
 .text.main     0x0000000000403398       0x44 ./main.o
                0x0000000000403398                main
 .text.led_thread_entry
                0x00000000004033dc       0x80 ./rtos_start.o
 .text.uCos2_V293X_start
                0x000000000040345c       0x5c ./rtos_start.o
                0x000000000040345c                uCos2_V293X_start
 .text          0x00000000004034b8       0x30 c:/workspace/tools/eclipse-embedcpp/xpack-arm-none-eabi-gcc-10.2.1-1.1/bin/../lib/gcc/arm-none-eabi/10.2.1/thumb/v7e-m+dp/hard\libgcc.a(_aeabi_uldivmod.o)
                0x00000000004034b8                __aeabi_uldivmod
 .text.__udivmoddi4
                0x00000000004034e8      0x2d0 c:/workspace/tools/eclipse-embedcpp/xpack-arm-none-eabi-gcc-10.2.1-1.1/bin/../lib/gcc/arm-none-eabi/10.2.1/thumb/v7e-m+dp/hard\libgcc.a(_udivmoddi4.o)
                0x00000000004034e8                __udivmoddi4
 .text.selfrel_offset31
                0x00000000004037b8       0x14 c:/workspace/tools/eclipse-embedcpp/xpack-arm-none-eabi-gcc-10.2.1-1.1/bin/../lib/gcc/arm-none-eabi/10.2.1/thumb/v7e-m+dp/hard\libgcc.a(unwind-arm.o)
 .text.search_EIT_table
                0x00000000004037cc       0x5c c:/workspace/tools/eclipse-embedcpp/xpack-arm-none-eabi-gcc-10.2.1-1.1/bin/../lib/gcc/arm-none-eabi/10.2.1/thumb/v7e-m+dp/hard\libgcc.a(unwind-arm.o)
 .text.__gnu_unwind_get_pr_addr
                0x0000000000403828       0x28 c:/workspace/tools/eclipse-embedcpp/xpack-arm-none-eabi-gcc-10.2.1-1.1/bin/../lib/gcc/arm-none-eabi/10.2.1/thumb/v7e-m+dp/hard\libgcc.a(unwind-arm.o)
 .text.get_eit_entry
                0x0000000000403850       0x9c c:/workspace/tools/eclipse-embedcpp/xpack-arm-none-eabi-gcc-10.2.1-1.1/bin/../lib/gcc/arm-none-eabi/10.2.1/thumb/v7e-m+dp/hard\libgcc.a(unwind-arm.o)
 .text.restore_non_core_regs
                0x00000000004038ec       0x58 c:/workspace/tools/eclipse-embedcpp/xpack-arm-none-eabi-gcc-10.2.1-1.1/bin/../lib/gcc/arm-none-eabi/10.2.1/thumb/v7e-m+dp/hard\libgcc.a(unwind-arm.o)
 .text._Unwind_decode_typeinfo_ptr.constprop.0
                0x0000000000403944        0xc c:/workspace/tools/eclipse-embedcpp/xpack-arm-none-eabi-gcc-10.2.1-1.1/bin/../lib/gcc/arm-none-eabi/10.2.1/thumb/v7e-m+dp/hard\libgcc.a(unwind-arm.o)
 .text._Unwind_DebugHook
                0x0000000000403950        0x4 c:/workspace/tools/eclipse-embedcpp/xpack-arm-none-eabi-gcc-10.2.1-1.1/bin/../lib/gcc/arm-none-eabi/10.2.1/thumb/v7e-m+dp/hard\libgcc.a(unwind-arm.o)
 .text.unwind_phase2
                0x0000000000403954       0x3c c:/workspace/tools/eclipse-embedcpp/xpack-arm-none-eabi-gcc-10.2.1-1.1/bin/../lib/gcc/arm-none-eabi/10.2.1/thumb/v7e-m+dp/hard\libgcc.a(unwind-arm.o)
 .text.unwind_phase2_forced
                0x0000000000403990       0xcc c:/workspace/tools/eclipse-embedcpp/xpack-arm-none-eabi-gcc-10.2.1-1.1/bin/../lib/gcc/arm-none-eabi/10.2.1/thumb/v7e-m+dp/hard\libgcc.a(unwind-arm.o)
 .text.__gnu_Unwind_RaiseException
                0x0000000000403a5c       0x68 c:/workspace/tools/eclipse-embedcpp/xpack-arm-none-eabi-gcc-10.2.1-1.1/bin/../lib/gcc/arm-none-eabi/10.2.1/thumb/v7e-m+dp/hard\libgcc.a(unwind-arm.o)
                0x0000000000403a5c                __gnu_Unwind_RaiseException
 .text.__gnu_Unwind_ForcedUnwind
                0x0000000000403ac4       0x10 c:/workspace/tools/eclipse-embedcpp/xpack-arm-none-eabi-gcc-10.2.1-1.1/bin/../lib/gcc/arm-none-eabi/10.2.1/thumb/v7e-m+dp/hard\libgcc.a(unwind-arm.o)
                0x0000000000403ac4                __gnu_Unwind_ForcedUnwind
 .text.__gnu_Unwind_Resume
                0x0000000000403ad4       0x44 c:/workspace/tools/eclipse-embedcpp/xpack-arm-none-eabi-gcc-10.2.1-1.1/bin/../lib/gcc/arm-none-eabi/10.2.1/thumb/v7e-m+dp/hard\libgcc.a(unwind-arm.o)
                0x0000000000403ad4                __gnu_Unwind_Resume
 .text.__gnu_Unwind_Resume_or_Rethrow
                0x0000000000403b18       0x14 c:/workspace/tools/eclipse-embedcpp/xpack-arm-none-eabi-gcc-10.2.1-1.1/bin/../lib/gcc/arm-none-eabi/10.2.1/thumb/v7e-m+dp/hard\libgcc.a(unwind-arm.o)
                0x0000000000403b18                __gnu_Unwind_Resume_or_Rethrow
 .text._Unwind_VRS_Get
                0x0000000000403b2c       0x30 c:/workspace/tools/eclipse-embedcpp/xpack-arm-none-eabi-gcc-10.2.1-1.1/bin/../lib/gcc/arm-none-eabi/10.2.1/thumb/v7e-m+dp/hard\libgcc.a(unwind-arm.o)
                0x0000000000403b2c                _Unwind_VRS_Get
 .text._Unwind_GetGR
                0x0000000000403b5c       0x1c c:/workspace/tools/eclipse-embedcpp/xpack-arm-none-eabi-gcc-10.2.1-1.1/bin/../lib/gcc/arm-none-eabi/10.2.1/thumb/v7e-m+dp/hard\libgcc.a(unwind-arm.o)
 .text._Unwind_VRS_Set
                0x0000000000403b78       0x30 c:/workspace/tools/eclipse-embedcpp/xpack-arm-none-eabi-gcc-10.2.1-1.1/bin/../lib/gcc/arm-none-eabi/10.2.1/thumb/v7e-m+dp/hard\libgcc.a(unwind-arm.o)
                0x0000000000403b78                _Unwind_VRS_Set
 .text._Unwind_SetGR
                0x0000000000403ba8       0x18 c:/workspace/tools/eclipse-embedcpp/xpack-arm-none-eabi-gcc-10.2.1-1.1/bin/../lib/gcc/arm-none-eabi/10.2.1/thumb/v7e-m+dp/hard\libgcc.a(unwind-arm.o)
 .text.__gnu_Unwind_Backtrace
                0x0000000000403bc0       0x84 c:/workspace/tools/eclipse-embedcpp/xpack-arm-none-eabi-gcc-10.2.1-1.1/bin/../lib/gcc/arm-none-eabi/10.2.1/thumb/v7e-m+dp/hard\libgcc.a(unwind-arm.o)
                0x0000000000403bc0                __gnu_Unwind_Backtrace
 .text.__gnu_unwind_pr_common
                0x0000000000403c44      0x2a8 c:/workspace/tools/eclipse-embedcpp/xpack-arm-none-eabi-gcc-10.2.1-1.1/bin/../lib/gcc/arm-none-eabi/10.2.1/thumb/v7e-m+dp/hard\libgcc.a(unwind-arm.o)
 .text.__aeabi_unwind_cpp_pr0
                0x0000000000403eec        0x8 c:/workspace/tools/eclipse-embedcpp/xpack-arm-none-eabi-gcc-10.2.1-1.1/bin/../lib/gcc/arm-none-eabi/10.2.1/thumb/v7e-m+dp/hard\libgcc.a(unwind-arm.o)
                0x0000000000403eec                __aeabi_unwind_cpp_pr0
 .text.__aeabi_unwind_cpp_pr1
                0x0000000000403ef4        0x8 c:/workspace/tools/eclipse-embedcpp/xpack-arm-none-eabi-gcc-10.2.1-1.1/bin/../lib/gcc/arm-none-eabi/10.2.1/thumb/v7e-m+dp/hard\libgcc.a(unwind-arm.o)
                0x0000000000403ef4                __aeabi_unwind_cpp_pr1
 .text.__aeabi_unwind_cpp_pr2
                0x0000000000403efc        0x8 c:/workspace/tools/eclipse-embedcpp/xpack-arm-none-eabi-gcc-10.2.1-1.1/bin/../lib/gcc/arm-none-eabi/10.2.1/thumb/v7e-m+dp/hard\libgcc.a(unwind-arm.o)
                0x0000000000403efc                __aeabi_unwind_cpp_pr2
 .text._Unwind_VRS_Pop
                0x0000000000403f04      0x284 c:/workspace/tools/eclipse-embedcpp/xpack-arm-none-eabi-gcc-10.2.1-1.1/bin/../lib/gcc/arm-none-eabi/10.2.1/thumb/v7e-m+dp/hard\libgcc.a(unwind-arm.o)
                0x0000000000403f04                _Unwind_VRS_Pop
 .text          0x0000000000404188      0x1ac c:/workspace/tools/eclipse-embedcpp/xpack-arm-none-eabi-gcc-10.2.1-1.1/bin/../lib/gcc/arm-none-eabi/10.2.1/thumb/v7e-m+dp/hard\libgcc.a(libunwind.o)
                0x0000000000404188                __restore_core_regs
                0x0000000000404188                restore_core_regs
                0x00000000004041a0                __gnu_Unwind_Restore_VFP
                0x00000000004041a8                __gnu_Unwind_Save_VFP
                0x00000000004041b0                __gnu_Unwind_Restore_VFP_D
                0x00000000004041b8                __gnu_Unwind_Save_VFP_D
                0x00000000004041c0                __gnu_Unwind_Restore_VFP_D_16_to_31
                0x00000000004041c8                __gnu_Unwind_Save_VFP_D_16_to_31
                0x00000000004041d0                __gnu_Unwind_Restore_WMMXD
                0x0000000000404214                __gnu_Unwind_Save_WMMXD
                0x0000000000404258                __gnu_Unwind_Restore_WMMXC
                0x000000000040426c                __gnu_Unwind_Save_WMMXC
                0x0000000000404280                ___Unwind_RaiseException
                0x0000000000404280                _Unwind_RaiseException
                0x00000000004042a4                _Unwind_Resume
                0x00000000004042a4                ___Unwind_Resume
                0x00000000004042c8                _Unwind_Resume_or_Rethrow
                0x00000000004042c8                ___Unwind_Resume_or_Rethrow
                0x00000000004042ec                _Unwind_ForcedUnwind
                0x00000000004042ec                ___Unwind_ForcedUnwind
                0x0000000000404310                ___Unwind_Backtrace
                0x0000000000404310                _Unwind_Backtrace
 .text.next_unwind_byte
                0x0000000000404334       0x38 c:/workspace/tools/eclipse-embedcpp/xpack-arm-none-eabi-gcc-10.2.1-1.1/bin/../lib/gcc/arm-none-eabi/10.2.1/thumb/v7e-m+dp/hard\libgcc.a(pr-support.o)
 .text.__gnu_unwind_execute
                0x000000000040436c      0x2ac c:/workspace/tools/eclipse-embedcpp/xpack-arm-none-eabi-gcc-10.2.1-1.1/bin/../lib/gcc/arm-none-eabi/10.2.1/thumb/v7e-m+dp/hard\libgcc.a(pr-support.o)
                0x000000000040436c                __gnu_unwind_execute
 .text          0x0000000000404618        0x4 c:/workspace/tools/eclipse-embedcpp/xpack-arm-none-eabi-gcc-10.2.1-1.1/bin/../lib/gcc/arm-none-eabi/10.2.1/thumb/v7e-m+dp/hard\libgcc.a(_dvmd_tls.o)
                0x0000000000404618                __aeabi_idiv0
                0x0000000000404618                __aeabi_ldiv0
 .text.abort    0x000000000040461c       0x10 c:/workspace/tools/eclipse-embedcpp/xpack-arm-none-eabi-gcc-10.2.1-1.1/bin/../lib/gcc/arm-none-eabi/10.2.1/../../../../arm-none-eabi/lib/thumb/v7e-m+dp/hard\libg.a(lib_a-abort.o)
                0x000000000040461c                abort
 .text.__libc_init_array
                0x000000000040462c       0x48 c:/workspace/tools/eclipse-embedcpp/xpack-arm-none-eabi-gcc-10.2.1-1.1/bin/../lib/gcc/arm-none-eabi/10.2.1/../../../../arm-none-eabi/lib/thumb/v7e-m+dp/hard\libg.a(lib_a-init.o)
                0x000000000040462c                __libc_init_array
 .text          0x0000000000404674      0x134 c:/workspace/tools/eclipse-embedcpp/xpack-arm-none-eabi-gcc-10.2.1-1.1/bin/../lib/gcc/arm-none-eabi/10.2.1/../../../../arm-none-eabi/lib/thumb/v7e-m+dp/hard\libg.a(lib_a-memcpy.o)
                0x0000000000404674                memcpy
 .text.memset   0x00000000004047a8       0xa4 c:/workspace/tools/eclipse-embedcpp/xpack-arm-none-eabi-gcc-10.2.1-1.1/bin/../lib/gcc/arm-none-eabi/10.2.1/../../../../arm-none-eabi/lib/thumb/v7e-m+dp/hard\libg.a(lib_a-memset.o)
                0x00000000004047a8                memset
 .text.printf   0x000000000040484c       0x28 c:/workspace/tools/eclipse-embedcpp/xpack-arm-none-eabi-gcc-10.2.1-1.1/bin/../lib/gcc/arm-none-eabi/10.2.1/../../../../arm-none-eabi/lib/thumb/v7e-m+dp/hard\libg.a(lib_a-printf.o)
                0x000000000040484c                printf
 .text._puts_r  0x0000000000404874       0x9c c:/workspace/tools/eclipse-embedcpp/xpack-arm-none-eabi-gcc-10.2.1-1.1/bin/../lib/gcc/arm-none-eabi/10.2.1/../../../../arm-none-eabi/lib/thumb/v7e-m+dp/hard\libg.a(lib_a-puts.o)
                0x0000000000404874                _puts_r
 .text.puts     0x0000000000404910       0x10 c:/workspace/tools/eclipse-embedcpp/xpack-arm-none-eabi-gcc-10.2.1-1.1/bin/../lib/gcc/arm-none-eabi/10.2.1/../../../../arm-none-eabi/lib/thumb/v7e-m+dp/hard\libg.a(lib_a-puts.o)
                0x0000000000404910                puts
 .text.setbuf   0x0000000000404920       0x10 c:/workspace/tools/eclipse-embedcpp/xpack-arm-none-eabi-gcc-10.2.1-1.1/bin/../lib/gcc/arm-none-eabi/10.2.1/../../../../arm-none-eabi/lib/thumb/v7e-m+dp/hard\libg.a(lib_a-setbuf.o)
                0x0000000000404920                setbuf
 .text.setvbuf  0x0000000000404930      0x1b0 c:/workspace/tools/eclipse-embedcpp/xpack-arm-none-eabi-gcc-10.2.1-1.1/bin/../lib/gcc/arm-none-eabi/10.2.1/../../../../arm-none-eabi/lib/thumb/v7e-m+dp/hard\libg.a(lib_a-setvbuf.o)
                0x0000000000404930                setvbuf
 .text.raise    0x0000000000404ae0       0x5c c:/workspace/tools/eclipse-embedcpp/xpack-arm-none-eabi-gcc-10.2.1-1.1/bin/../lib/gcc/arm-none-eabi/10.2.1/../../../../arm-none-eabi/lib/thumb/v7e-m+dp/hard\libg.a(lib_a-signal.o)
                0x0000000000404ae0                raise
 .text._kill_r  0x0000000000404b3c       0x2c c:/workspace/tools/eclipse-embedcpp/xpack-arm-none-eabi-gcc-10.2.1-1.1/bin/../lib/gcc/arm-none-eabi/10.2.1/../../../../arm-none-eabi/lib/thumb/v7e-m+dp/hard\libg.a(lib_a-signalr.o)
                0x0000000000404b3c                _kill_r
 .text._getpid_r
                0x0000000000404b68        0x4 c:/workspace/tools/eclipse-embedcpp/xpack-arm-none-eabi-gcc-10.2.1-1.1/bin/../lib/gcc/arm-none-eabi/10.2.1/../../../../arm-none-eabi/lib/thumb/v7e-m+dp/hard\libg.a(lib_a-signalr.o)
                0x0000000000404b68                _getpid_r
 *fill*         0x0000000000404b6c       0x14 
 .text          0x0000000000404b80       0xdc c:/workspace/tools/eclipse-embedcpp/xpack-arm-none-eabi-gcc-10.2.1-1.1/bin/../lib/gcc/arm-none-eabi/10.2.1/../../../../arm-none-eabi/lib/thumb/v7e-m+dp/hard\libg.a(lib_a-strlen.o)
                0x0000000000404b80                strlen
 *fill*         0x0000000000404c5c        0x4 
 .text._vfprintf_r
                0x0000000000404c60     0x1aa0 c:/workspace/tools/eclipse-embedcpp/xpack-arm-none-eabi-gcc-10.2.1-1.1/bin/../lib/gcc/arm-none-eabi/10.2.1/../../../../arm-none-eabi/lib/thumb/v7e-m+dp/hard\libg.a(lib_a-vfprintf.o)
                0x0000000000404c60                _vfprintf_r
 .text.__sbprintf
                0x0000000000406700       0x80 c:/workspace/tools/eclipse-embedcpp/xpack-arm-none-eabi-gcc-10.2.1-1.1/bin/../lib/gcc/arm-none-eabi/10.2.1/../../../../arm-none-eabi/lib/thumb/v7e-m+dp/hard\libg.a(lib_a-vfprintf.o)
 .text.__swsetup_r
                0x0000000000406780       0xd4 c:/workspace/tools/eclipse-embedcpp/xpack-arm-none-eabi-gcc-10.2.1-1.1/bin/../lib/gcc/arm-none-eabi/10.2.1/../../../../arm-none-eabi/lib/thumb/v7e-m+dp/hard\libg.a(lib_a-wsetup.o)
                0x0000000000406780                __swsetup_r
 .text.startup.register_fini
                0x0000000000406854       0x14 c:/workspace/tools/eclipse-embedcpp/xpack-arm-none-eabi-gcc-10.2.1-1.1/bin/../lib/gcc/arm-none-eabi/10.2.1/../../../../arm-none-eabi/lib/thumb/v7e-m+dp/hard\libg.a(lib_a-__call_atexit.o)
 .text.quorem   0x0000000000406868      0x128 c:/workspace/tools/eclipse-embedcpp/xpack-arm-none-eabi-gcc-10.2.1-1.1/bin/../lib/gcc/arm-none-eabi/10.2.1/../../../../arm-none-eabi/lib/thumb/v7e-m+dp/hard\libg.a(lib_a-dtoa.o)
 .text._dtoa_r  0x0000000000406990      0xcd8 c:/workspace/tools/eclipse-embedcpp/xpack-arm-none-eabi-gcc-10.2.1-1.1/bin/../lib/gcc/arm-none-eabi/10.2.1/../../../../arm-none-eabi/lib/thumb/v7e-m+dp/hard\libg.a(lib_a-dtoa.o)
                0x0000000000406990                _dtoa_r
 .text.__sflush_r
                0x0000000000407668      0x130 c:/workspace/tools/eclipse-embedcpp/xpack-arm-none-eabi-gcc-10.2.1-1.1/bin/../lib/gcc/arm-none-eabi/10.2.1/../../../../arm-none-eabi/lib/thumb/v7e-m+dp/hard\libg.a(lib_a-fflush.o)
                0x0000000000407668                __sflush_r
 .text._fflush_r
                0x0000000000407798       0x5c c:/workspace/tools/eclipse-embedcpp/xpack-arm-none-eabi-gcc-10.2.1-1.1/bin/../lib/gcc/arm-none-eabi/10.2.1/../../../../arm-none-eabi/lib/thumb/v7e-m+dp/hard\libg.a(lib_a-fflush.o)
                0x0000000000407798                _fflush_r
 .text._cleanup_r
                0x00000000004077f4        0xc c:/workspace/tools/eclipse-embedcpp/xpack-arm-none-eabi-gcc-10.2.1-1.1/bin/../lib/gcc/arm-none-eabi/10.2.1/../../../../arm-none-eabi/lib/thumb/v7e-m+dp/hard\libg.a(lib_a-findfp.o)
                0x00000000004077f4                _cleanup_r
 .text.__sinit  0x0000000000407800      0x10c c:/workspace/tools/eclipse-embedcpp/xpack-arm-none-eabi-gcc-10.2.1-1.1/bin/../lib/gcc/arm-none-eabi/10.2.1/../../../../arm-none-eabi/lib/thumb/v7e-m+dp/hard\libg.a(lib_a-findfp.o)
                0x0000000000407800                __sinit
 .text.__sfp_lock_acquire
                0x000000000040790c        0xc c:/workspace/tools/eclipse-embedcpp/xpack-arm-none-eabi-gcc-10.2.1-1.1/bin/../lib/gcc/arm-none-eabi/10.2.1/../../../../arm-none-eabi/lib/thumb/v7e-m+dp/hard\libg.a(lib_a-findfp.o)
                0x000000000040790c                __sfp_lock_acquire
 .text.__sfp_lock_release
                0x0000000000407918        0xc c:/workspace/tools/eclipse-embedcpp/xpack-arm-none-eabi-gcc-10.2.1-1.1/bin/../lib/gcc/arm-none-eabi/10.2.1/../../../../arm-none-eabi/lib/thumb/v7e-m+dp/hard\libg.a(lib_a-findfp.o)
                0x0000000000407918                __sfp_lock_release
 .text.__libc_fini_array
                0x0000000000407924       0x2c c:/workspace/tools/eclipse-embedcpp/xpack-arm-none-eabi-gcc-10.2.1-1.1/bin/../lib/gcc/arm-none-eabi/10.2.1/../../../../arm-none-eabi/lib/thumb/v7e-m+dp/hard\libg.a(lib_a-fini.o)
                0x0000000000407924                __libc_fini_array
 .text._malloc_trim_r
                0x0000000000407950       0xa0 c:/workspace/tools/eclipse-embedcpp/xpack-arm-none-eabi-gcc-10.2.1-1.1/bin/../lib/gcc/arm-none-eabi/10.2.1/../../../../arm-none-eabi/lib/thumb/v7e-m+dp/hard\libg.a(lib_a-freer.o)
                0x0000000000407950                _malloc_trim_r
 .text._free_r  0x00000000004079f0      0x20c c:/workspace/tools/eclipse-embedcpp/xpack-arm-none-eabi-gcc-10.2.1-1.1/bin/../lib/gcc/arm-none-eabi/10.2.1/../../../../arm-none-eabi/lib/thumb/v7e-m+dp/hard\libg.a(lib_a-freer.o)
                0x00000000004079f0                _free_r
 .text.__sfvwrite_r
                0x0000000000407bfc      0x2f0 c:/workspace/tools/eclipse-embedcpp/xpack-arm-none-eabi-gcc-10.2.1-1.1/bin/../lib/gcc/arm-none-eabi/10.2.1/../../../../arm-none-eabi/lib/thumb/v7e-m+dp/hard\libg.a(lib_a-fvwrite.o)
                0x0000000000407bfc                __sfvwrite_r
 .text._fwalk_reent
                0x0000000000407eec       0x48 c:/workspace/tools/eclipse-embedcpp/xpack-arm-none-eabi-gcc-10.2.1-1.1/bin/../lib/gcc/arm-none-eabi/10.2.1/../../../../arm-none-eabi/lib/thumb/v7e-m+dp/hard\libg.a(lib_a-fwalk.o)
                0x0000000000407eec                _fwalk_reent
 .text._localeconv_r
                0x0000000000407f34        0x8 c:/workspace/tools/eclipse-embedcpp/xpack-arm-none-eabi-gcc-10.2.1-1.1/bin/../lib/gcc/arm-none-eabi/10.2.1/../../../../arm-none-eabi/lib/thumb/v7e-m+dp/hard\libg.a(lib_a-localeconv.o)
                0x0000000000407f34                _localeconv_r
 .text.__locale_mb_cur_max
                0x0000000000407f3c        0xc c:/workspace/tools/eclipse-embedcpp/xpack-arm-none-eabi-gcc-10.2.1-1.1/bin/../lib/gcc/arm-none-eabi/10.2.1/../../../../arm-none-eabi/lib/thumb/v7e-m+dp/hard\libg.a(lib_a-locale.o)
                0x0000000000407f3c                __locale_mb_cur_max
 .text.__retarget_lock_init_recursive
                0x0000000000407f48        0x4 c:/workspace/tools/eclipse-embedcpp/xpack-arm-none-eabi-gcc-10.2.1-1.1/bin/../lib/gcc/arm-none-eabi/10.2.1/../../../../arm-none-eabi/lib/thumb/v7e-m+dp/hard\libg.a(lib_a-lock.o)
                0x0000000000407f48                __retarget_lock_init_recursive
 .text.__retarget_lock_close_recursive
                0x0000000000407f4c        0x4 c:/workspace/tools/eclipse-embedcpp/xpack-arm-none-eabi-gcc-10.2.1-1.1/bin/../lib/gcc/arm-none-eabi/10.2.1/../../../../arm-none-eabi/lib/thumb/v7e-m+dp/hard\libg.a(lib_a-lock.o)
                0x0000000000407f4c                __retarget_lock_close_recursive
 .text.__retarget_lock_acquire_recursive
                0x0000000000407f50        0x4 c:/workspace/tools/eclipse-embedcpp/xpack-arm-none-eabi-gcc-10.2.1-1.1/bin/../lib/gcc/arm-none-eabi/10.2.1/../../../../arm-none-eabi/lib/thumb/v7e-m+dp/hard\libg.a(lib_a-lock.o)
                0x0000000000407f50                __retarget_lock_acquire_recursive
 .text.__retarget_lock_release_recursive
                0x0000000000407f54        0x4 c:/workspace/tools/eclipse-embedcpp/xpack-arm-none-eabi-gcc-10.2.1-1.1/bin/../lib/gcc/arm-none-eabi/10.2.1/../../../../arm-none-eabi/lib/thumb/v7e-m+dp/hard\libg.a(lib_a-lock.o)
                0x0000000000407f54                __retarget_lock_release_recursive
 .text.__smakebuf_r
                0x0000000000407f58       0xe0 c:/workspace/tools/eclipse-embedcpp/xpack-arm-none-eabi-gcc-10.2.1-1.1/bin/../lib/gcc/arm-none-eabi/10.2.1/../../../../arm-none-eabi/lib/thumb/v7e-m+dp/hard\libg.a(lib_a-makebuf.o)
                0x0000000000407f58                __smakebuf_r
 .text.__swhatbuf_r
                0x0000000000408038       0x60 c:/workspace/tools/eclipse-embedcpp/xpack-arm-none-eabi-gcc-10.2.1-1.1/bin/../lib/gcc/arm-none-eabi/10.2.1/../../../../arm-none-eabi/lib/thumb/v7e-m+dp/hard\libg.a(lib_a-makebuf.o)
                0x0000000000408038                __swhatbuf_r
 .text.malloc   0x0000000000408098       0x10 c:/workspace/tools/eclipse-embedcpp/xpack-arm-none-eabi-gcc-10.2.1-1.1/bin/../lib/gcc/arm-none-eabi/10.2.1/../../../../arm-none-eabi/lib/thumb/v7e-m+dp/hard\libg.a(lib_a-malloc.o)
                0x0000000000408098                malloc
 .text._malloc_r
                0x00000000004080a8      0x560 c:/workspace/tools/eclipse-embedcpp/xpack-arm-none-eabi-gcc-10.2.1-1.1/bin/../lib/gcc/arm-none-eabi/10.2.1/../../../../arm-none-eabi/lib/thumb/v7e-m+dp/hard\libg.a(lib_a-mallocr.o)
                0x00000000004080a8                _malloc_r
 .text.__ascii_mbtowc
                0x0000000000408608       0x2c c:/workspace/tools/eclipse-embedcpp/xpack-arm-none-eabi-gcc-10.2.1-1.1/bin/../lib/gcc/arm-none-eabi/10.2.1/../../../../arm-none-eabi/lib/thumb/v7e-m+dp/hard\libg.a(lib_a-mbtowc_r.o)
                0x0000000000408608                __ascii_mbtowc
 *fill*         0x0000000000408634        0xc 
 .text          0x0000000000408640       0xa0 c:/workspace/tools/eclipse-embedcpp/xpack-arm-none-eabi-gcc-10.2.1-1.1/bin/../lib/gcc/arm-none-eabi/10.2.1/../../../../arm-none-eabi/lib/thumb/v7e-m+dp/hard\libg.a(lib_a-memchr.o)
                0x0000000000408640                memchr
 .text.memmove  0x00000000004086e0       0xf8 c:/workspace/tools/eclipse-embedcpp/xpack-arm-none-eabi-gcc-10.2.1-1.1/bin/../lib/gcc/arm-none-eabi/10.2.1/../../../../arm-none-eabi/lib/thumb/v7e-m+dp/hard\libg.a(lib_a-memmove.o)
                0x00000000004086e0                memmove
 .text.__malloc_lock
                0x00000000004087d8        0xc c:/workspace/tools/eclipse-embedcpp/xpack-arm-none-eabi-gcc-10.2.1-1.1/bin/../lib/gcc/arm-none-eabi/10.2.1/../../../../arm-none-eabi/lib/thumb/v7e-m+dp/hard\libg.a(lib_a-mlock.o)
                0x00000000004087d8                __malloc_lock
 .text.__malloc_unlock
                0x00000000004087e4        0xc c:/workspace/tools/eclipse-embedcpp/xpack-arm-none-eabi-gcc-10.2.1-1.1/bin/../lib/gcc/arm-none-eabi/10.2.1/../../../../arm-none-eabi/lib/thumb/v7e-m+dp/hard\libg.a(lib_a-mlock.o)
                0x00000000004087e4                __malloc_unlock
 .text._Balloc  0x00000000004087f0       0x4c c:/workspace/tools/eclipse-embedcpp/xpack-arm-none-eabi-gcc-10.2.1-1.1/bin/../lib/gcc/arm-none-eabi/10.2.1/../../../../arm-none-eabi/lib/thumb/v7e-m+dp/hard\libg.a(lib_a-mprec.o)
                0x00000000004087f0                _Balloc
 .text._Bfree   0x000000000040883c       0x14 c:/workspace/tools/eclipse-embedcpp/xpack-arm-none-eabi-gcc-10.2.1-1.1/bin/../lib/gcc/arm-none-eabi/10.2.1/../../../../arm-none-eabi/lib/thumb/v7e-m+dp/hard\libg.a(lib_a-mprec.o)
                0x000000000040883c                _Bfree
 .text.__multadd
                0x0000000000408850       0xa8 c:/workspace/tools/eclipse-embedcpp/xpack-arm-none-eabi-gcc-10.2.1-1.1/bin/../lib/gcc/arm-none-eabi/10.2.1/../../../../arm-none-eabi/lib/thumb/v7e-m+dp/hard\libg.a(lib_a-mprec.o)
                0x0000000000408850                __multadd
 .text.__hi0bits
                0x00000000004088f8       0x40 c:/workspace/tools/eclipse-embedcpp/xpack-arm-none-eabi-gcc-10.2.1-1.1/bin/../lib/gcc/arm-none-eabi/10.2.1/../../../../arm-none-eabi/lib/thumb/v7e-m+dp/hard\libg.a(lib_a-mprec.o)
                0x00000000004088f8                __hi0bits
 .text.__lo0bits
                0x0000000000408938       0x60 c:/workspace/tools/eclipse-embedcpp/xpack-arm-none-eabi-gcc-10.2.1-1.1/bin/../lib/gcc/arm-none-eabi/10.2.1/../../../../arm-none-eabi/lib/thumb/v7e-m+dp/hard\libg.a(lib_a-mprec.o)
                0x0000000000408938                __lo0bits
 .text.__i2b    0x0000000000408998       0x5c c:/workspace/tools/eclipse-embedcpp/xpack-arm-none-eabi-gcc-10.2.1-1.1/bin/../lib/gcc/arm-none-eabi/10.2.1/../../../../arm-none-eabi/lib/thumb/v7e-m+dp/hard\libg.a(lib_a-mprec.o)
                0x0000000000408998                __i2b
 .text.__multiply
                0x00000000004089f4      0x158 c:/workspace/tools/eclipse-embedcpp/xpack-arm-none-eabi-gcc-10.2.1-1.1/bin/../lib/gcc/arm-none-eabi/10.2.1/../../../../arm-none-eabi/lib/thumb/v7e-m+dp/hard\libg.a(lib_a-mprec.o)
                0x00000000004089f4                __multiply
 .text.__pow5mult
                0x0000000000408b4c       0xc0 c:/workspace/tools/eclipse-embedcpp/xpack-arm-none-eabi-gcc-10.2.1-1.1/bin/../lib/gcc/arm-none-eabi/10.2.1/../../../../arm-none-eabi/lib/thumb/v7e-m+dp/hard\libg.a(lib_a-mprec.o)
                0x0000000000408b4c                __pow5mult
 .text.__lshift
                0x0000000000408c0c       0xf0 c:/workspace/tools/eclipse-embedcpp/xpack-arm-none-eabi-gcc-10.2.1-1.1/bin/../lib/gcc/arm-none-eabi/10.2.1/../../../../arm-none-eabi/lib/thumb/v7e-m+dp/hard\libg.a(lib_a-mprec.o)
                0x0000000000408c0c                __lshift
 .text.__mcmp   0x0000000000408cfc       0x44 c:/workspace/tools/eclipse-embedcpp/xpack-arm-none-eabi-gcc-10.2.1-1.1/bin/../lib/gcc/arm-none-eabi/10.2.1/../../../../arm-none-eabi/lib/thumb/v7e-m+dp/hard\libg.a(lib_a-mprec.o)
                0x0000000000408cfc                __mcmp
 .text.__mdiff  0x0000000000408d40      0x14c c:/workspace/tools/eclipse-embedcpp/xpack-arm-none-eabi-gcc-10.2.1-1.1/bin/../lib/gcc/arm-none-eabi/10.2.1/../../../../arm-none-eabi/lib/thumb/v7e-m+dp/hard\libg.a(lib_a-mprec.o)
                0x0000000000408d40                __mdiff
 .text.__d2b    0x0000000000408e8c       0xd0 c:/workspace/tools/eclipse-embedcpp/xpack-arm-none-eabi-gcc-10.2.1-1.1/bin/../lib/gcc/arm-none-eabi/10.2.1/../../../../arm-none-eabi/lib/thumb/v7e-m+dp/hard\libg.a(lib_a-mprec.o)
                0x0000000000408e8c                __d2b
 .text._realloc_r
                0x0000000000408f5c      0x3d8 c:/workspace/tools/eclipse-embedcpp/xpack-arm-none-eabi-gcc-10.2.1-1.1/bin/../lib/gcc/arm-none-eabi/10.2.1/../../../../arm-none-eabi/lib/thumb/v7e-m+dp/hard\libg.a(lib_a-reallocr.o)
                0x0000000000408f5c                _realloc_r
 .text._sbrk_r  0x0000000000409334       0x24 c:/workspace/tools/eclipse-embedcpp/xpack-arm-none-eabi-gcc-10.2.1-1.1/bin/../lib/gcc/arm-none-eabi/10.2.1/../../../../arm-none-eabi/lib/thumb/v7e-m+dp/hard\libg.a(lib_a-sbrkr.o)
                0x0000000000409334                _sbrk_r
 .text.frexp    0x0000000000409358       0x78 c:/workspace/tools/eclipse-embedcpp/xpack-arm-none-eabi-gcc-10.2.1-1.1/bin/../lib/gcc/arm-none-eabi/10.2.1/../../../../arm-none-eabi/lib/thumb/v7e-m+dp/hard\libg.a(lib_a-s_frexp.o)
                0x0000000000409358                frexp
 .text.__sread  0x00000000004093d0       0x24 c:/workspace/tools/eclipse-embedcpp/xpack-arm-none-eabi-gcc-10.2.1-1.1/bin/../lib/gcc/arm-none-eabi/10.2.1/../../../../arm-none-eabi/lib/thumb/v7e-m+dp/hard\libg.a(lib_a-stdio.o)
                0x00000000004093d0                __sread
 .text.__swrite
                0x00000000004093f4       0x40 c:/workspace/tools/eclipse-embedcpp/xpack-arm-none-eabi-gcc-10.2.1-1.1/bin/../lib/gcc/arm-none-eabi/10.2.1/../../../../arm-none-eabi/lib/thumb/v7e-m+dp/hard\libg.a(lib_a-stdio.o)
                0x00000000004093f4                __swrite
 .text.__sseek  0x0000000000409434       0x20 c:/workspace/tools/eclipse-embedcpp/xpack-arm-none-eabi-gcc-10.2.1-1.1/bin/../lib/gcc/arm-none-eabi/10.2.1/../../../../arm-none-eabi/lib/thumb/v7e-m+dp/hard\libg.a(lib_a-stdio.o)
                0x0000000000409434                __sseek
 .text.__sclose
                0x0000000000409454        0x8 c:/workspace/tools/eclipse-embedcpp/xpack-arm-none-eabi-gcc-10.2.1-1.1/bin/../lib/gcc/arm-none-eabi/10.2.1/../../../../arm-none-eabi/lib/thumb/v7e-m+dp/hard\libg.a(lib_a-stdio.o)
                0x0000000000409454                __sclose
 .text.strncpy  0x000000000040945c       0x64 c:/workspace/tools/eclipse-embedcpp/xpack-arm-none-eabi-gcc-10.2.1-1.1/bin/../lib/gcc/arm-none-eabi/10.2.1/../../../../arm-none-eabi/lib/thumb/v7e-m+dp/hard\libg.a(lib_a-strncpy.o)
                0x000000000040945c                strncpy
 .text.__sprint_r.part.0
                0x00000000004094c0       0x78 c:/workspace/tools/eclipse-embedcpp/xpack-arm-none-eabi-gcc-10.2.1-1.1/bin/../lib/gcc/arm-none-eabi/10.2.1/../../../../arm-none-eabi/lib/thumb/v7e-m+dp/hard\libg.a(lib_a-vfiprintf.o)
 .text.__sprint_r
                0x0000000000409538       0x18 c:/workspace/tools/eclipse-embedcpp/xpack-arm-none-eabi-gcc-10.2.1-1.1/bin/../lib/gcc/arm-none-eabi/10.2.1/../../../../arm-none-eabi/lib/thumb/v7e-m+dp/hard\libg.a(lib_a-vfiprintf.o)
                0x0000000000409538                __sprint_r
 .text._vfiprintf_r
                0x0000000000409550      0xdf4 c:/workspace/tools/eclipse-embedcpp/xpack-arm-none-eabi-gcc-10.2.1-1.1/bin/../lib/gcc/arm-none-eabi/10.2.1/../../../../arm-none-eabi/lib/thumb/v7e-m+dp/hard\libg.a(lib_a-vfiprintf.o)
                0x0000000000409550                _vfiprintf_r
 .text.__sbprintf
                0x000000000040a344       0x80 c:/workspace/tools/eclipse-embedcpp/xpack-arm-none-eabi-gcc-10.2.1-1.1/bin/../lib/gcc/arm-none-eabi/10.2.1/../../../../arm-none-eabi/lib/thumb/v7e-m+dp/hard\libg.a(lib_a-vfiprintf.o)
 .text.__ascii_wctomb
                0x000000000040a3c4       0x1c c:/workspace/tools/eclipse-embedcpp/xpack-arm-none-eabi-gcc-10.2.1-1.1/bin/../lib/gcc/arm-none-eabi/10.2.1/../../../../arm-none-eabi/lib/thumb/v7e-m+dp/hard\libg.a(lib_a-wctomb_r.o)
                0x000000000040a3c4                __ascii_wctomb
 .text._write_r
                0x000000000040a3e0       0x2c c:/workspace/tools/eclipse-embedcpp/xpack-arm-none-eabi-gcc-10.2.1-1.1/bin/../lib/gcc/arm-none-eabi/10.2.1/../../../../arm-none-eabi/lib/thumb/v7e-m+dp/hard\libg.a(lib_a-writer.o)
                0x000000000040a3e0                _write_r
 .text.__assert_func
                0x000000000040a40c       0x40 c:/workspace/tools/eclipse-embedcpp/xpack-arm-none-eabi-gcc-10.2.1-1.1/bin/../lib/gcc/arm-none-eabi/10.2.1/../../../../arm-none-eabi/lib/thumb/v7e-m+dp/hard\libg.a(lib_a-assert.o)
                0x000000000040a40c                __assert_func
 .text.atexit   0x000000000040a44c        0xc c:/workspace/tools/eclipse-embedcpp/xpack-arm-none-eabi-gcc-10.2.1-1.1/bin/../lib/gcc/arm-none-eabi/10.2.1/../../../../arm-none-eabi/lib/thumb/v7e-m+dp/hard\libg.a(lib_a-atexit.o)
                0x000000000040a44c                atexit
 .text._calloc_r
                0x000000000040a458       0x60 c:/workspace/tools/eclipse-embedcpp/xpack-arm-none-eabi-gcc-10.2.1-1.1/bin/../lib/gcc/arm-none-eabi/10.2.1/../../../../arm-none-eabi/lib/thumb/v7e-m+dp/hard\libg.a(lib_a-callocr.o)
                0x000000000040a458                _calloc_r
 .text._close_r
                0x000000000040a4b8       0x24 c:/workspace/tools/eclipse-embedcpp/xpack-arm-none-eabi-gcc-10.2.1-1.1/bin/../lib/gcc/arm-none-eabi/10.2.1/../../../../arm-none-eabi/lib/thumb/v7e-m+dp/hard\libg.a(lib_a-closer.o)
                0x000000000040a4b8                _close_r
 .text._fclose_r
                0x000000000040a4dc       0xcc c:/workspace/tools/eclipse-embedcpp/xpack-arm-none-eabi-gcc-10.2.1-1.1/bin/../lib/gcc/arm-none-eabi/10.2.1/../../../../arm-none-eabi/lib/thumb/v7e-m+dp/hard\libg.a(lib_a-fclose.o)
                0x000000000040a4dc                _fclose_r
 .text.fiprintf
                0x000000000040a5a8       0x28 c:/workspace/tools/eclipse-embedcpp/xpack-arm-none-eabi-gcc-10.2.1-1.1/bin/../lib/gcc/arm-none-eabi/10.2.1/../../../../arm-none-eabi/lib/thumb/v7e-m+dp/hard\libg.a(lib_a-fiprintf.o)
                0x000000000040a5a8                fiprintf
 .text.__fputwc
                0x000000000040a5d0       0xa8 c:/workspace/tools/eclipse-embedcpp/xpack-arm-none-eabi-gcc-10.2.1-1.1/bin/../lib/gcc/arm-none-eabi/10.2.1/../../../../arm-none-eabi/lib/thumb/v7e-m+dp/hard\libg.a(lib_a-fputwc.o)
                0x000000000040a5d0                __fputwc
 .text._fputwc_r
                0x000000000040a678       0x68 c:/workspace/tools/eclipse-embedcpp/xpack-arm-none-eabi-gcc-10.2.1-1.1/bin/../lib/gcc/arm-none-eabi/10.2.1/../../../../arm-none-eabi/lib/thumb/v7e-m+dp/hard\libg.a(lib_a-fputwc.o)
                0x000000000040a678                _fputwc_r
 .text._fstat_r
                0x000000000040a6e0       0x2c c:/workspace/tools/eclipse-embedcpp/xpack-arm-none-eabi-gcc-10.2.1-1.1/bin/../lib/gcc/arm-none-eabi/10.2.1/../../../../arm-none-eabi/lib/thumb/v7e-m+dp/hard\libg.a(lib_a-fstatr.o)
                0x000000000040a6e0                _fstat_r
 .text._isatty_r
                0x000000000040a70c       0x24 c:/workspace/tools/eclipse-embedcpp/xpack-arm-none-eabi-gcc-10.2.1-1.1/bin/../lib/gcc/arm-none-eabi/10.2.1/../../../../arm-none-eabi/lib/thumb/v7e-m+dp/hard\libg.a(lib_a-isattyr.o)
                0x000000000040a70c                _isatty_r
 .text._lseek_r
                0x000000000040a730       0x2c c:/workspace/tools/eclipse-embedcpp/xpack-arm-none-eabi-gcc-10.2.1-1.1/bin/../lib/gcc/arm-none-eabi/10.2.1/../../../../arm-none-eabi/lib/thumb/v7e-m+dp/hard\libg.a(lib_a-lseekr.o)
                0x000000000040a730                _lseek_r
 .text._read_r  0x000000000040a75c       0x2c c:/workspace/tools/eclipse-embedcpp/xpack-arm-none-eabi-gcc-10.2.1-1.1/bin/../lib/gcc/arm-none-eabi/10.2.1/../../../../arm-none-eabi/lib/thumb/v7e-m+dp/hard\libg.a(lib_a-readr.o)
                0x000000000040a75c                _read_r
 .text.__swbuf_r
                0x000000000040a788       0xb0 c:/workspace/tools/eclipse-embedcpp/xpack-arm-none-eabi-gcc-10.2.1-1.1/bin/../lib/gcc/arm-none-eabi/10.2.1/../../../../arm-none-eabi/lib/thumb/v7e-m+dp/hard\libg.a(lib_a-wbuf.o)
                0x000000000040a788                __swbuf_r
 .text._wcrtomb_r
                0x000000000040a838       0x3c c:/workspace/tools/eclipse-embedcpp/xpack-arm-none-eabi-gcc-10.2.1-1.1/bin/../lib/gcc/arm-none-eabi/10.2.1/../../../../arm-none-eabi/lib/thumb/v7e-m+dp/hard\libg.a(lib_a-wcrtomb.o)
                0x000000000040a838                _wcrtomb_r
 .text.__register_exitproc
                0x000000000040a874       0x8c c:/workspace/tools/eclipse-embedcpp/xpack-arm-none-eabi-gcc-10.2.1-1.1/bin/../lib/gcc/arm-none-eabi/10.2.1/../../../../arm-none-eabi/lib/thumb/v7e-m+dp/hard\libg.a(lib_a-__atexit.o)
                0x000000000040a874                __register_exitproc
 *(.glue_7t)
 .glue_7t       0x000000000040a900        0x0 linker stubs
 *(.glue_7)
 .glue_7        0x000000000040a900        0x0 linker stubs
 *(.rodata .rodata* .gnu.linkonce.r.*)
 .rodata.OSInit.str1.4
                0x000000000040a900       0x22 ./uC-OS2/uCOS-II/Source/os_core.o
 *fill*         0x000000000040a922        0x2 
 .rodata.OSUnMapTbl
                0x000000000040a924      0x100 ./uC-OS2/uCOS-II/Source/os_core.o
                0x000000000040a924                OSUnMapTbl
 .rodata.OSFlagCreate.str1.4
                0x000000000040aa24        0x2 ./uC-OS2/uCOS-II/Source/os_flag.o
 .rodata.OS_MemInit.str1.4
                0x000000000040aa24        0x2 ./uC-OS2/uCOS-II/Source/os_mem.o
 .rodata.OSSemCreate.str1.4
                0x000000000040aa24        0x2 ./uC-OS2/uCOS-II/Source/os_sem.o
 .rodata.OSTaskDel.str1.4
                0x000000000040aa24        0x2 ./uC-OS2/uCOS-II/Source/os_task.o
 .rodata.OSTmr_Free.str1.4
                0x000000000040aa24        0x2 ./uC-OS2/uCOS-II/Source/os_tmr.o
 .rodata.OSTmr_Init.str1.4
                0x000000000040aa24       0x35 ./uC-OS2/uCOS-II/Source/os_tmr.o
 *fill*         0x000000000040aa59        0x3 
 .rodata.Mem_Init.str1.4
                0x000000000040aa5c        0x5 ./uC-OS2/uC-LIB/lib_mem.o
 *fill*         0x000000000040aa61        0x3 
 .rodata._cfgs  0x000000000040aa64       0xc0 ./hpl/xdmac/hpl_xdmac.o
 .rodata._usarts
                0x000000000040ab24        0xc ./hpl/usart/hpl_usart.o
 .rodata._i2cm_sync_cfgs
                0x000000000040ab30       0x18 ./hpl/twihs/hpl_twihs.o
 .rodata._exit.str1.4
                0x000000000040ab48       0x19 ./hal/utils/src/utils_syscalls.o
 *fill*         0x000000000040ab61        0x3 
 .rodata.led_thread_entry.str1.4
                0x000000000040ab64       0x9c ./rtos_start.o
 .rodata.uCos2_V293X_start.str1.4
                0x000000000040ac00       0x31 ./rtos_start.o
 *fill*         0x000000000040ac31        0x3 
 .rodata._global_impure_ptr
                0x000000000040ac34        0x4 c:/workspace/tools/eclipse-embedcpp/xpack-arm-none-eabi-gcc-10.2.1-1.1/bin/../lib/gcc/arm-none-eabi/10.2.1/../../../../arm-none-eabi/lib/thumb/v7e-m+dp/hard\libg.a(lib_a-impure.o)
                0x000000000040ac34                _global_impure_ptr
 .rodata._puts_r.str1.4
                0x000000000040ac38        0x2 c:/workspace/tools/eclipse-embedcpp/xpack-arm-none-eabi-gcc-10.2.1-1.1/bin/../lib/gcc/arm-none-eabi/10.2.1/../../../../arm-none-eabi/lib/thumb/v7e-m+dp/hard\libg.a(lib_a-puts.o)
 *fill*         0x000000000040ac3a        0x2 
 .rodata._vfprintf_r.str1.4
                0x000000000040ac3c       0x42 c:/workspace/tools/eclipse-embedcpp/xpack-arm-none-eabi-gcc-10.2.1-1.1/bin/../lib/gcc/arm-none-eabi/10.2.1/../../../../arm-none-eabi/lib/thumb/v7e-m+dp/hard\libg.a(lib_a-vfprintf.o)
 *fill*         0x000000000040ac7e        0x2 
 .rodata.blanks.1
                0x000000000040ac80       0x10 c:/workspace/tools/eclipse-embedcpp/xpack-arm-none-eabi-gcc-10.2.1-1.1/bin/../lib/gcc/arm-none-eabi/10.2.1/../../../../arm-none-eabi/lib/thumb/v7e-m+dp/hard\libg.a(lib_a-vfprintf.o)
 .rodata.zeroes.0
                0x000000000040ac90       0x10 c:/workspace/tools/eclipse-embedcpp/xpack-arm-none-eabi-gcc-10.2.1-1.1/bin/../lib/gcc/arm-none-eabi/10.2.1/../../../../arm-none-eabi/lib/thumb/v7e-m+dp/hard\libg.a(lib_a-vfprintf.o)
 .rodata._dtoa_r.str1.4
                0x000000000040aca0       0x7e c:/workspace/tools/eclipse-embedcpp/xpack-arm-none-eabi-gcc-10.2.1-1.1/bin/../lib/gcc/arm-none-eabi/10.2.1/../../../../arm-none-eabi/lib/thumb/v7e-m+dp/hard\libg.a(lib_a-dtoa.o)
                                         0x82 (size before relaxing)
 *fill*         0x000000000040ad1e        0x2 
 .rodata._setlocale_r.str1.4
                0x000000000040ad20        0xa c:/workspace/tools/eclipse-embedcpp/xpack-arm-none-eabi-gcc-10.2.1-1.1/bin/../lib/gcc/arm-none-eabi/10.2.1/../../../../arm-none-eabi/lib/thumb/v7e-m+dp/hard\libg.a(lib_a-locale.o)
                                          0xd (size before relaxing)
 *fill*         0x000000000040ad2a        0x2 
 .rodata.str1.4
                0x000000000040ad2c        0x2 c:/workspace/tools/eclipse-embedcpp/xpack-arm-none-eabi-gcc-10.2.1-1.1/bin/../lib/gcc/arm-none-eabi/10.2.1/../../../../arm-none-eabi/lib/thumb/v7e-m+dp/hard\libg.a(lib_a-locale.o)
 *fill*         0x000000000040ad2e        0x2 
 .rodata.__multadd.str1.4
                0x000000000040ad30       0x5b c:/workspace/tools/eclipse-embedcpp/xpack-arm-none-eabi-gcc-10.2.1-1.1/bin/../lib/gcc/arm-none-eabi/10.2.1/../../../../arm-none-eabi/lib/thumb/v7e-m+dp/hard\libg.a(lib_a-mprec.o)
                                         0x6f (size before relaxing)
 *fill*         0x000000000040ad8b        0x5 
 .rodata.__mprec_bigtens
                0x000000000040ad90       0x28 c:/workspace/tools/eclipse-embedcpp/xpack-arm-none-eabi-gcc-10.2.1-1.1/bin/../lib/gcc/arm-none-eabi/10.2.1/../../../../arm-none-eabi/lib/thumb/v7e-m+dp/hard\libg.a(lib_a-mprec.o)
                0x000000000040ad90                __mprec_bigtens
 .rodata.__mprec_tens
                0x000000000040adb8       0xc8 c:/workspace/tools/eclipse-embedcpp/xpack-arm-none-eabi-gcc-10.2.1-1.1/bin/../lib/gcc/arm-none-eabi/10.2.1/../../../../arm-none-eabi/lib/thumb/v7e-m+dp/hard\libg.a(lib_a-mprec.o)
                0x000000000040adb8                __mprec_tens
 .rodata.p05.0  0x000000000040ae80        0xc c:/workspace/tools/eclipse-embedcpp/xpack-arm-none-eabi-gcc-10.2.1-1.1/bin/../lib/gcc/arm-none-eabi/10.2.1/../../../../arm-none-eabi/lib/thumb/v7e-m+dp/hard\libg.a(lib_a-mprec.o)
 .rodata._vfiprintf_r.str1.4
                0x000000000040ae8c       0x2f c:/workspace/tools/eclipse-embedcpp/xpack-arm-none-eabi-gcc-10.2.1-1.1/bin/../lib/gcc/arm-none-eabi/10.2.1/../../../../arm-none-eabi/lib/thumb/v7e-m+dp/hard\libg.a(lib_a-vfiprintf.o)
 .rodata.blanks.1
                0x000000000040ae8c       0x10 c:/workspace/tools/eclipse-embedcpp/xpack-arm-none-eabi-gcc-10.2.1-1.1/bin/../lib/gcc/arm-none-eabi/10.2.1/../../../../arm-none-eabi/lib/thumb/v7e-m+dp/hard\libg.a(lib_a-vfiprintf.o)
 .rodata.zeroes.0
                0x000000000040ae9c       0x10 c:/workspace/tools/eclipse-embedcpp/xpack-arm-none-eabi-gcc-10.2.1-1.1/bin/../lib/gcc/arm-none-eabi/10.2.1/../../../../arm-none-eabi/lib/thumb/v7e-m+dp/hard\libg.a(lib_a-vfiprintf.o)
 .rodata.__assert_func.str1.4
                0x000000000040aeac       0x3f c:/workspace/tools/eclipse-embedcpp/xpack-arm-none-eabi-gcc-10.2.1-1.1/bin/../lib/gcc/arm-none-eabi/10.2.1/../../../../arm-none-eabi/lib/thumb/v7e-m+dp/hard\libg.a(lib_a-assert.o)
                                         0x43 (size before relaxing)
 *fill*         0x000000000040aeeb        0x1 
 .rodata._ctype_
                0x000000000040aeec      0x101 c:/workspace/tools/eclipse-embedcpp/xpack-arm-none-eabi-gcc-10.2.1-1.1/bin/../lib/gcc/arm-none-eabi/10.2.1/../../../../arm-none-eabi/lib/thumb/v7e-m+dp/hard\libg.a(lib_a-ctype_.o)
                0x000000000040aeec                _ctype_
 *(.ARM.extab* .gnu.linkonce.armextab.*)
 *fill*         0x000000000040afed        0x3 
 .ARM.extab.text.main
                0x000000000040aff0        0xc ./main.o
 .ARM.extab.text.abort
                0x000000000040affc        0xc c:/workspace/tools/eclipse-embedcpp/xpack-arm-none-eabi-gcc-10.2.1-1.1/bin/../lib/gcc/arm-none-eabi/10.2.1/../../../../arm-none-eabi/lib/thumb/v7e-m+dp/hard\libg.a(lib_a-abort.o)
 .ARM.extab.text.printf
                0x000000000040b008        0xc c:/workspace/tools/eclipse-embedcpp/xpack-arm-none-eabi-gcc-10.2.1-1.1/bin/../lib/gcc/arm-none-eabi/10.2.1/../../../../arm-none-eabi/lib/thumb/v7e-m+dp/hard\libg.a(lib_a-printf.o)
 .ARM.extab.text._vfprintf_r
                0x000000000040b014        0xc c:/workspace/tools/eclipse-embedcpp/xpack-arm-none-eabi-gcc-10.2.1-1.1/bin/../lib/gcc/arm-none-eabi/10.2.1/../../../../arm-none-eabi/lib/thumb/v7e-m+dp/hard\libg.a(lib_a-vfprintf.o)
 .ARM.extab.text.__sbprintf
                0x000000000040b020        0xc c:/workspace/tools/eclipse-embedcpp/xpack-arm-none-eabi-gcc-10.2.1-1.1/bin/../lib/gcc/arm-none-eabi/10.2.1/../../../../arm-none-eabi/lib/thumb/v7e-m+dp/hard\libg.a(lib_a-vfprintf.o)
 .ARM.extab.text._dtoa_r
                0x000000000040b02c        0xc c:/workspace/tools/eclipse-embedcpp/xpack-arm-none-eabi-gcc-10.2.1-1.1/bin/../lib/gcc/arm-none-eabi/10.2.1/../../../../arm-none-eabi/lib/thumb/v7e-m+dp/hard\libg.a(lib_a-dtoa.o)
 .ARM.extab.text._vfiprintf_r
                0x000000000040b038        0xc c:/workspace/tools/eclipse-embedcpp/xpack-arm-none-eabi-gcc-10.2.1-1.1/bin/../lib/gcc/arm-none-eabi/10.2.1/../../../../arm-none-eabi/lib/thumb/v7e-m+dp/hard\libg.a(lib_a-vfiprintf.o)
 .ARM.extab.text.__sbprintf
                0x000000000040b044        0xc c:/workspace/tools/eclipse-embedcpp/xpack-arm-none-eabi-gcc-10.2.1-1.1/bin/../lib/gcc/arm-none-eabi/10.2.1/../../../../arm-none-eabi/lib/thumb/v7e-m+dp/hard\libg.a(lib_a-vfiprintf.o)
 .ARM.extab.text.fiprintf
                0x000000000040b050        0xc c:/workspace/tools/eclipse-embedcpp/xpack-arm-none-eabi-gcc-10.2.1-1.1/bin/../lib/gcc/arm-none-eabi/10.2.1/../../../../arm-none-eabi/lib/thumb/v7e-m+dp/hard\libg.a(lib_a-fiprintf.o)
                0x000000000040b05c                . = ALIGN (0x4)
 *(.init)
 .init          0x000000000040b05c        0x4 c:/workspace/tools/eclipse-embedcpp/xpack-arm-none-eabi-gcc-10.2.1-1.1/bin/../lib/gcc/arm-none-eabi/10.2.1/thumb/v7e-m+dp/hard/crti.o
                0x000000000040b05c                _init
 .init          0x000000000040b060        0x8 c:/workspace/tools/eclipse-embedcpp/xpack-arm-none-eabi-gcc-10.2.1-1.1/bin/../lib/gcc/arm-none-eabi/10.2.1/thumb/v7e-m+dp/hard/crtn.o
                0x000000000040b068                . = ALIGN (0x4)
                0x000000000040b068                __preinit_array_start = .
 *(.preinit_array)
                0x000000000040b068                __preinit_array_end = .
                0x000000000040b068                . = ALIGN (0x4)
                0x000000000040b068                __init_array_start = .
 *(SORT_BY_NAME(.init_array.*))
 .init_array.00000
                0x000000000040b068        0x4 c:/workspace/tools/eclipse-embedcpp/xpack-arm-none-eabi-gcc-10.2.1-1.1/bin/../lib/gcc/arm-none-eabi/10.2.1/../../../../arm-none-eabi/lib/thumb/v7e-m+dp/hard\libg.a(lib_a-__call_atexit.o)
 *(.init_array)
 .init_array    0x000000000040b06c        0x4 c:/workspace/tools/eclipse-embedcpp/xpack-arm-none-eabi-gcc-10.2.1-1.1/bin/../lib/gcc/arm-none-eabi/10.2.1/thumb/v7e-m+dp/hard/crtbegin.o
                0x000000000040b070                __init_array_end = .
                0x000000000040b070                . = ALIGN (0x4)
 *crtbegin.o(.ctors)
 *(EXCLUDE_FILE(*crtend.o) .ctors)
 *(SORT_BY_NAME(.ctors.*))
 *crtend.o(.ctors)
                0x000000000040b070                . = ALIGN (0x4)
 *(.fini)
 .fini          0x000000000040b070        0x4 c:/workspace/tools/eclipse-embedcpp/xpack-arm-none-eabi-gcc-10.2.1-1.1/bin/../lib/gcc/arm-none-eabi/10.2.1/thumb/v7e-m+dp/hard/crti.o
                0x000000000040b070                _fini
 .fini          0x000000000040b074        0x8 c:/workspace/tools/eclipse-embedcpp/xpack-arm-none-eabi-gcc-10.2.1-1.1/bin/../lib/gcc/arm-none-eabi/10.2.1/thumb/v7e-m+dp/hard/crtn.o
                0x000000000040b07c                . = ALIGN (0x4)
                0x000000000040b07c                __fini_array_start = .
 *(.fini_array)
 .fini_array    0x000000000040b07c        0x4 c:/workspace/tools/eclipse-embedcpp/xpack-arm-none-eabi-gcc-10.2.1-1.1/bin/../lib/gcc/arm-none-eabi/10.2.1/thumb/v7e-m+dp/hard/crtbegin.o
 *(SORT_BY_NAME(.fini_array.*))
                0x000000000040b080                __fini_array_end = .
 *crtbegin.o(.dtors)
 *(EXCLUDE_FILE(*crtend.o) .dtors)
 *(SORT_BY_NAME(.dtors.*))
 *crtend.o(.dtors)
                0x000000000040b080                . = ALIGN (0x4)
                0x000000000040b080                _efixed = .
                0x000000000040b080                PROVIDE (__exidx_start = .)

.vfp11_veneer   0x000000000040b080        0x0
 .vfp11_veneer  0x000000000040b080        0x0 linker stubs

.v4_bx          0x000000000040b080        0x0
 .v4_bx         0x000000000040b080        0x0 linker stubs

.iplt           0x000000000040b080        0x0
 .iplt          0x000000000040b080        0x0 c:/workspace/tools/eclipse-embedcpp/xpack-arm-none-eabi-gcc-10.2.1-1.1/bin/../lib/gcc/arm-none-eabi/10.2.1/thumb/v7e-m+dp/hard/crtbegin.o

.igot.plt       0x000000000040b080        0x0
 .igot.plt      0x000000000040b080        0x0 c:/workspace/tools/eclipse-embedcpp/xpack-arm-none-eabi-gcc-10.2.1-1.1/bin/../lib/gcc/arm-none-eabi/10.2.1/thumb/v7e-m+dp/hard/crtbegin.o

.ARM.exidx      0x000000000040b080      0x2b8
 *(.ARM.exidx* .gnu.linkonce.armexidx.*)
 .ARM.exidx.text.main
                0x000000000040b080       0x10 ./main.o
                                          0x8 (size before relaxing)
 .ARM.exidx.text.__udivmoddi4
                0x000000000040b090        0x0 c:/workspace/tools/eclipse-embedcpp/xpack-arm-none-eabi-gcc-10.2.1-1.1/bin/../lib/gcc/arm-none-eabi/10.2.1/thumb/v7e-m+dp/hard\libgcc.a(_udivmoddi4.o)
                                          0x8 (size before relaxing)
 .ARM.exidx.text.selfrel_offset31
                0x000000000040b090        0x0 c:/workspace/tools/eclipse-embedcpp/xpack-arm-none-eabi-gcc-10.2.1-1.1/bin/../lib/gcc/arm-none-eabi/10.2.1/thumb/v7e-m+dp/hard\libgcc.a(unwind-arm.o)
                                          0x8 (size before relaxing)
 .ARM.exidx.text.search_EIT_table
                0x000000000040b090        0x0 c:/workspace/tools/eclipse-embedcpp/xpack-arm-none-eabi-gcc-10.2.1-1.1/bin/../lib/gcc/arm-none-eabi/10.2.1/thumb/v7e-m+dp/hard\libgcc.a(unwind-arm.o)
                                          0x8 (size before relaxing)
 .ARM.exidx.text.__gnu_unwind_get_pr_addr
                0x000000000040b090        0x0 c:/workspace/tools/eclipse-embedcpp/xpack-arm-none-eabi-gcc-10.2.1-1.1/bin/../lib/gcc/arm-none-eabi/10.2.1/thumb/v7e-m+dp/hard\libgcc.a(unwind-arm.o)
                                          0x8 (size before relaxing)
 .ARM.exidx.text.get_eit_entry
                0x000000000040b090        0x8 c:/workspace/tools/eclipse-embedcpp/xpack-arm-none-eabi-gcc-10.2.1-1.1/bin/../lib/gcc/arm-none-eabi/10.2.1/thumb/v7e-m+dp/hard\libgcc.a(unwind-arm.o)
 .ARM.exidx.text.restore_non_core_regs
                0x000000000040b098        0x8 c:/workspace/tools/eclipse-embedcpp/xpack-arm-none-eabi-gcc-10.2.1-1.1/bin/../lib/gcc/arm-none-eabi/10.2.1/thumb/v7e-m+dp/hard\libgcc.a(unwind-arm.o)
 .ARM.exidx.text._Unwind_decode_typeinfo_ptr.constprop.0
                0x000000000040b0a0        0x8 c:/workspace/tools/eclipse-embedcpp/xpack-arm-none-eabi-gcc-10.2.1-1.1/bin/../lib/gcc/arm-none-eabi/10.2.1/thumb/v7e-m+dp/hard\libgcc.a(unwind-arm.o)
 .ARM.exidx.text._Unwind_DebugHook
                0x000000000040b0a8        0x0 c:/workspace/tools/eclipse-embedcpp/xpack-arm-none-eabi-gcc-10.2.1-1.1/bin/../lib/gcc/arm-none-eabi/10.2.1/thumb/v7e-m+dp/hard\libgcc.a(unwind-arm.o)
                                          0x8 (size before relaxing)
 .ARM.exidx.text.unwind_phase2
                0x000000000040b0a8        0x8 c:/workspace/tools/eclipse-embedcpp/xpack-arm-none-eabi-gcc-10.2.1-1.1/bin/../lib/gcc/arm-none-eabi/10.2.1/thumb/v7e-m+dp/hard\libgcc.a(unwind-arm.o)
 .ARM.exidx.text.unwind_phase2_forced
                0x000000000040b0b0        0x8 c:/workspace/tools/eclipse-embedcpp/xpack-arm-none-eabi-gcc-10.2.1-1.1/bin/../lib/gcc/arm-none-eabi/10.2.1/thumb/v7e-m+dp/hard\libgcc.a(unwind-arm.o)
 .ARM.exidx.text.__gnu_Unwind_RaiseException
                0x000000000040b0b8        0x8 c:/workspace/tools/eclipse-embedcpp/xpack-arm-none-eabi-gcc-10.2.1-1.1/bin/../lib/gcc/arm-none-eabi/10.2.1/thumb/v7e-m+dp/hard\libgcc.a(unwind-arm.o)
 .ARM.exidx.text.__gnu_Unwind_ForcedUnwind
                0x000000000040b0c0        0x8 c:/workspace/tools/eclipse-embedcpp/xpack-arm-none-eabi-gcc-10.2.1-1.1/bin/../lib/gcc/arm-none-eabi/10.2.1/thumb/v7e-m+dp/hard\libgcc.a(unwind-arm.o)
 .ARM.exidx.text.__gnu_Unwind_Resume
                0x000000000040b0c8        0x8 c:/workspace/tools/eclipse-embedcpp/xpack-arm-none-eabi-gcc-10.2.1-1.1/bin/../lib/gcc/arm-none-eabi/10.2.1/thumb/v7e-m+dp/hard\libgcc.a(unwind-arm.o)
 .ARM.exidx.text.__gnu_Unwind_Resume_or_Rethrow
                0x000000000040b0d0        0x8 c:/workspace/tools/eclipse-embedcpp/xpack-arm-none-eabi-gcc-10.2.1-1.1/bin/../lib/gcc/arm-none-eabi/10.2.1/thumb/v7e-m+dp/hard\libgcc.a(unwind-arm.o)
 .ARM.exidx.text._Unwind_VRS_Get
                0x000000000040b0d8        0x0 c:/workspace/tools/eclipse-embedcpp/xpack-arm-none-eabi-gcc-10.2.1-1.1/bin/../lib/gcc/arm-none-eabi/10.2.1/thumb/v7e-m+dp/hard\libgcc.a(unwind-arm.o)
                                          0x8 (size before relaxing)
 .ARM.exidx.text._Unwind_GetGR
                0x000000000040b0d8        0x0 c:/workspace/tools/eclipse-embedcpp/xpack-arm-none-eabi-gcc-10.2.1-1.1/bin/../lib/gcc/arm-none-eabi/10.2.1/thumb/v7e-m+dp/hard\libgcc.a(unwind-arm.o)
                                          0x8 (size before relaxing)
 .ARM.exidx.text._Unwind_VRS_Set
                0x000000000040b0d8        0x0 c:/workspace/tools/eclipse-embedcpp/xpack-arm-none-eabi-gcc-10.2.1-1.1/bin/../lib/gcc/arm-none-eabi/10.2.1/thumb/v7e-m+dp/hard\libgcc.a(unwind-arm.o)
                                          0x8 (size before relaxing)
 .ARM.exidx.text._Unwind_SetGR
                0x000000000040b0d8        0x0 c:/workspace/tools/eclipse-embedcpp/xpack-arm-none-eabi-gcc-10.2.1-1.1/bin/../lib/gcc/arm-none-eabi/10.2.1/thumb/v7e-m+dp/hard\libgcc.a(unwind-arm.o)
                                          0x8 (size before relaxing)
 .ARM.exidx.text.__gnu_Unwind_Backtrace
                0x000000000040b0d8        0x8 c:/workspace/tools/eclipse-embedcpp/xpack-arm-none-eabi-gcc-10.2.1-1.1/bin/../lib/gcc/arm-none-eabi/10.2.1/thumb/v7e-m+dp/hard\libgcc.a(unwind-arm.o)
 .ARM.exidx.text.__gnu_unwind_pr_common
                0x000000000040b0e0        0x8 c:/workspace/tools/eclipse-embedcpp/xpack-arm-none-eabi-gcc-10.2.1-1.1/bin/../lib/gcc/arm-none-eabi/10.2.1/thumb/v7e-m+dp/hard\libgcc.a(unwind-arm.o)
 .ARM.exidx.text.__aeabi_unwind_cpp_pr0
                0x000000000040b0e8        0x8 c:/workspace/tools/eclipse-embedcpp/xpack-arm-none-eabi-gcc-10.2.1-1.1/bin/../lib/gcc/arm-none-eabi/10.2.1/thumb/v7e-m+dp/hard\libgcc.a(unwind-arm.o)
 .ARM.exidx.text.__aeabi_unwind_cpp_pr1
                0x000000000040b0f0        0x0 c:/workspace/tools/eclipse-embedcpp/xpack-arm-none-eabi-gcc-10.2.1-1.1/bin/../lib/gcc/arm-none-eabi/10.2.1/thumb/v7e-m+dp/hard\libgcc.a(unwind-arm.o)
                                          0x8 (size before relaxing)
 .ARM.exidx.text.__aeabi_unwind_cpp_pr2
                0x000000000040b0f0        0x0 c:/workspace/tools/eclipse-embedcpp/xpack-arm-none-eabi-gcc-10.2.1-1.1/bin/../lib/gcc/arm-none-eabi/10.2.1/thumb/v7e-m+dp/hard\libgcc.a(unwind-arm.o)
                                          0x8 (size before relaxing)
 .ARM.exidx.text._Unwind_VRS_Pop
                0x000000000040b0f0       0x10 c:/workspace/tools/eclipse-embedcpp/xpack-arm-none-eabi-gcc-10.2.1-1.1/bin/../lib/gcc/arm-none-eabi/10.2.1/thumb/v7e-m+dp/hard\libgcc.a(unwind-arm.o)
                                          0x8 (size before relaxing)
 .ARM.exidx.text.next_unwind_byte